Archive member included to satisfy reference by file (symbol)

c:/program files (x86)/atmel/studio/7.0/toolchain/arm/arm-gnu-toolchain/bin/../lib/gcc/arm-none-eabi/6.3.1/../../../../arm-none-eabi/lib/thumb/v7e-m\libc.a(lib_a-exit.o)
                              c:/program files (x86)/atmel/studio/7.0/toolchain/arm/arm-gnu-toolchain/bin/../lib/gcc/arm-none-eabi/6.3.1/../../../../arm-none-eabi/lib/thumb/v7e-m/crt0.o (exit)
c:/program files (x86)/atmel/studio/7.0/toolchain/arm/arm-gnu-toolchain/bin/../lib/gcc/arm-none-eabi/6.3.1/../../../../arm-none-eabi/lib/thumb/v7e-m\libc.a(lib_a-impure.o)
                              c:/program files (x86)/atmel/studio/7.0/toolchain/arm/arm-gnu-toolchain/bin/../lib/gcc/arm-none-eabi/6.3.1/../../../../arm-none-eabi/lib/thumb/v7e-m\libc.a(lib_a-exit.o) (_global_impure_ptr)
c:/program files (x86)/atmel/studio/7.0/toolchain/arm/arm-gnu-toolchain/bin/../lib/gcc/arm-none-eabi/6.3.1/../../../../arm-none-eabi/lib/thumb/v7e-m\libc.a(lib_a-init.o)
                              c:/program files (x86)/atmel/studio/7.0/toolchain/arm/arm-gnu-toolchain/bin/../lib/gcc/arm-none-eabi/6.3.1/../../../../arm-none-eabi/lib/thumb/v7e-m/crt0.o (__libc_init_array)
c:/program files (x86)/atmel/studio/7.0/toolchain/arm/arm-gnu-toolchain/bin/../lib/gcc/arm-none-eabi/6.3.1/../../../../arm-none-eabi/lib/thumb/v7e-m\libc.a(lib_a-iprintf.o)
                              src/ASF/sam/drivers/adc/adc.o (iprintf)
c:/program files (x86)/atmel/studio/7.0/toolchain/arm/arm-gnu-toolchain/bin/../lib/gcc/arm-none-eabi/6.3.1/../../../../arm-none-eabi/lib/thumb/v7e-m\libc.a(lib_a-memset.o)
                              c:/program files (x86)/atmel/studio/7.0/toolchain/arm/arm-gnu-toolchain/bin/../lib/gcc/arm-none-eabi/6.3.1/../../../../arm-none-eabi/lib/thumb/v7e-m/crt0.o (memset)
c:/program files (x86)/atmel/studio/7.0/toolchain/arm/arm-gnu-toolchain/bin/../lib/gcc/arm-none-eabi/6.3.1/../../../../arm-none-eabi/lib/thumb/v7e-m\libc.a(lib_a-puts.o)
                              src/ASF/sam/drivers/adc/adc.o (puts)
c:/program files (x86)/atmel/studio/7.0/toolchain/arm/arm-gnu-toolchain/bin/../lib/gcc/arm-none-eabi/6.3.1/../../../../arm-none-eabi/lib/thumb/v7e-m\libc.a(lib_a-setbuf.o)
                              src/main.o (setbuf)
c:/program files (x86)/atmel/studio/7.0/toolchain/arm/arm-gnu-toolchain/bin/../lib/gcc/arm-none-eabi/6.3.1/../../../../arm-none-eabi/lib/thumb/v7e-m\libc.a(lib_a-setvbuf.o)
                              c:/program files (x86)/atmel/studio/7.0/toolchain/arm/arm-gnu-toolchain/bin/../lib/gcc/arm-none-eabi/6.3.1/../../../../arm-none-eabi/lib/thumb/v7e-m\libc.a(lib_a-setbuf.o) (setvbuf)
c:/program files (x86)/atmel/studio/7.0/toolchain/arm/arm-gnu-toolchain/bin/../lib/gcc/arm-none-eabi/6.3.1/../../../../arm-none-eabi/lib/thumb/v7e-m\libc.a(lib_a-sprintf.o)
                              src/main.o (sprintf)
c:/program files (x86)/atmel/studio/7.0/toolchain/arm/arm-gnu-toolchain/bin/../lib/gcc/arm-none-eabi/6.3.1/../../../../arm-none-eabi/lib/thumb/v7e-m\libc.a(lib_a-strlen.o)
                              c:/program files (x86)/atmel/studio/7.0/toolchain/arm/arm-gnu-toolchain/bin/../lib/gcc/arm-none-eabi/6.3.1/../../../../arm-none-eabi/lib/thumb/v7e-m\libc.a(lib_a-puts.o) (strlen)
c:/program files (x86)/atmel/studio/7.0/toolchain/arm/arm-gnu-toolchain/bin/../lib/gcc/arm-none-eabi/6.3.1/../../../../arm-none-eabi/lib/thumb/v7e-m\libc.a(lib_a-svfprintf.o)
                              c:/program files (x86)/atmel/studio/7.0/toolchain/arm/arm-gnu-toolchain/bin/../lib/gcc/arm-none-eabi/6.3.1/../../../../arm-none-eabi/lib/thumb/v7e-m\libc.a(lib_a-sprintf.o) (_svfprintf_r)
c:/program files (x86)/atmel/studio/7.0/toolchain/arm/arm-gnu-toolchain/bin/../lib/gcc/arm-none-eabi/6.3.1/../../../../arm-none-eabi/lib/thumb/v7e-m\libc.a(lib_a-vfiprintf.o)
                              c:/program files (x86)/atmel/studio/7.0/toolchain/arm/arm-gnu-toolchain/bin/../lib/gcc/arm-none-eabi/6.3.1/../../../../arm-none-eabi/lib/thumb/v7e-m\libc.a(lib_a-iprintf.o) (_vfiprintf_r)
c:/program files (x86)/atmel/studio/7.0/toolchain/arm/arm-gnu-toolchain/bin/../lib/gcc/arm-none-eabi/6.3.1/../../../../arm-none-eabi/lib/thumb/v7e-m\libc.a(lib_a-wsetup.o)
                              c:/program files (x86)/atmel/studio/7.0/toolchain/arm/arm-gnu-toolchain/bin/../lib/gcc/arm-none-eabi/6.3.1/../../../../arm-none-eabi/lib/thumb/v7e-m\libc.a(lib_a-vfiprintf.o) (__swsetup_r)
c:/program files (x86)/atmel/studio/7.0/toolchain/arm/arm-gnu-toolchain/bin/../lib/gcc/arm-none-eabi/6.3.1/../../../../arm-none-eabi/lib/thumb/v7e-m\libc.a(lib_a-__call_atexit.o)
                              c:/program files (x86)/atmel/studio/7.0/toolchain/arm/arm-gnu-toolchain/bin/../lib/gcc/arm-none-eabi/6.3.1/../../../../arm-none-eabi/lib/thumb/v7e-m\libc.a(lib_a-exit.o) (__call_exitprocs)
[...]
Memory Configuration

Name             Origin             Length             Attributes
rom              0x00400000         0x00200000         xr
ram              0x20000000         0x00028000         xrw
*default*        0x00000000         0xffffffff

Linker script and memory map

LOAD c:/program files (x86)/atmel/studio/7.0/toolchain/arm/arm-gnu-toolchain/bin/../lib/gcc/arm-none-eabi/6.3.1/thumb/v7e-m/crti.o
LOAD c:/program files (x86)/atmel/studio/7.0/toolchain/arm/arm-gnu-toolchain/bin/../lib/gcc/arm-none-eabi/6.3.1/thumb/v7e-m/crtbegin.o
LOAD c:/program files (x86)/atmel/studio/7.0/toolchain/arm/arm-gnu-toolchain/bin/../lib/gcc/arm-none-eabi/6.3.1/../../../../arm-none-eabi/lib/thumb/v7e-m/crt0.o
LOAD src/ASF/common/services/delay/sam/cycle_counter.o
LOAD src/ASF/common/utils/stdio/read.o
LOAD src/ASF/sam/components/display/aat31xx/aat31xx.o
LOAD src/ASF/sam/drivers/ebi/smc/smc.o
LOAD src/ASF/sam/components/display/ili93xx/ili93xx.o
LOAD src/ASF/sam/drivers/adc/adc.o
LOAD src/ASF/sam/drivers/tc/tc.o
LOAD src/ASF/sam/drivers/usart/usart.o
LOAD src/ASF/sam/drivers/adc/adc_sam3u.o
LOAD src/ASF/common/utils/stdio/write.o
LOAD src/ASF/common/services/serial/usart_serial.o
LOAD src/ASF/sam/drivers/uart/uart.o
LOAD src/ASF/common/services/clock/sam4s/sysclk.o
LOAD src/ASF/common/utils/interrupt/interrupt_sam_nvic.o
LOAD src/ASF/sam/boards/sam4s_ek2/init.o
LOAD src/ASF/sam/boards/sam4s_ek2/led.o
LOAD src/ASF/sam/drivers/pio/pio.o
LOAD src/ASF/sam/drivers/pio/pio_handler.o
LOAD src/ASF/sam/drivers/pmc/pmc.o
LOAD src/ASF/sam/drivers/pmc/sleep.o
LOAD src/ASF/sam/utils/cmsis/sam4s/source/templates/gcc/startup_sam4s.o
LOAD src/ASF/sam/utils/cmsis/sam4s/source/templates/system_sam4s.o
LOAD src/ASF/sam/utils/syscalls/gcc/syscalls.o
LOAD src/main.o
START GROUP
LOAD ../src/ASF/thirdparty/CMSIS/Lib/GCC\libarm_cortexM4l_math.a
LOAD c:/program files (x86)/atmel/studio/7.0/toolchain/arm/arm-gnu-toolchain/bin/../lib/gcc/arm-none-eabi/6.3.1/../../../../arm-none-eabi/lib/thumb/v7e-m\libm.a
END GROUP
START GROUP
LOAD c:/program files (x86)/atmel/studio/7.0/toolchain/arm/arm-gnu-toolchain/bin/../lib/gcc/arm-none-eabi/6.3.1/thumb/v7e-m\libgcc.a
LOAD c:/program files (x86)/atmel/studio/7.0/toolchain/arm/arm-gnu-toolchain/bin/../lib/gcc/arm-none-eabi/6.3.1/../../../../arm-none-eabi/lib/thumb/v7e-m\libc.a
END GROUP
LOAD c:/program files (x86)/atmel/studio/7.0/toolchain/arm/arm-gnu-toolchain/bin/../lib/gcc/arm-none-eabi/6.3.1/thumb/v7e-m/crtend.o
LOAD c:/program files (x86)/atmel/studio/7.0/toolchain/arm/arm-gnu-toolchain/bin/../lib/gcc/arm-none-eabi/6.3.1/thumb/v7e-m/crtn.o
                0x00003000                __stack_size__ = DEFINED (__stack_size__)?__stack_size__:0x3000
                0x20027ffc                __ram_end__ = ((ORIGIN (ram) + LENGTH (ram)) - 0x4)

.text           0x00400000     0x742c
                0x00400000                . = ALIGN (0x4)
                0x00400000                _sfixed = .
 *(.vectors .vectors.*)
 .vectors       0x00400000       0xcc src/ASF/sam/utils/cmsis/sam4s/source/templates/gcc/startup_sam4s.o
                0x00400000                exception_table
 *(.text .text.* .gnu.linkonce.t.*)
 .text          0x004000cc       0x6c c:/program files (x86)/atmel/studio/7.0/toolchain/arm/arm-gnu-toolchain/bin/../lib/gcc/arm-none-eabi/6.3.1/thumb/v7e-m/crtbegin.o
 .text._read    0x00400138       0x3c src/ASF/common/utils/stdio/read.o
                0x00400138                _read
 .text.aat31xx_set_backlight
                0x00400174       0x5c src/ASF/sam/components/display/aat31xx/aat31xx.o
                0x00400174                aat31xx_set_backlight
 .text.aat31xx_disable_backlight
                0x004001d0       0x24 src/ASF/sam/components/display/aat31xx/aat31xx.o
                0x004001d0                aat31xx_disable_backlight
 .text.smc_set_setup_timing
                0x004001f4        0x6 src/ASF/sam/drivers/ebi/smc/smc.o
                0x004001f4                smc_set_setup_timing
 .text.smc_set_pulse_timing
                0x004001fa        0x8 src/ASF/sam/drivers/ebi/smc/smc.o
                0x004001fa                smc_set_pulse_timing
 .text.smc_set_cycle_timing
                0x00400202        0x8 src/ASF/sam/drivers/ebi/smc/smc.o
                0x00400202                smc_set_cycle_timing
 .text.smc_set_mode
                0x0040020a        0x8 src/ASF/sam/drivers/ebi/smc/smc.o
                0x0040020a                smc_set_mode
 *fill*         0x00400212        0x2 
 .text.ili93xx_write_ram_prepare
                0x00400214       0x34 src/ASF/sam/components/display/ili93xx/ili93xx.o
 .text.ili93xx_write_ram
                0x00400248       0x18 src/ASF/sam/components/display/ili93xx/ili93xx.o
 .text.ili93xx_write_ram_buffer
                0x00400260       0x60 src/ASF/sam/components/display/ili93xx/ili93xx.o
 .text.ili93xx_write_register_word
                0x004002c0       0x16 src/ASF/sam/components/display/ili93xx/ili93xx.o
 *fill*         0x004002d6        0x2 
 .text.ili93xx_write_register
                0x004002d8       0x2c src/ASF/sam/components/display/ili93xx/ili93xx.o
 .text.ili93xx_delay
                0x00400304       0x38 src/ASF/sam/components/display/ili93xx/ili93xx.o
 .text.ili93xx_check_box_coordinates
                0x0040033c       0x60 src/ASF/sam/components/display/ili93xx/ili93xx.o
 .text.ili93xx_device_type_identify
                0x0040039c       0x80 src/ASF/sam/components/display/ili93xx/ili93xx.o
                0x0040039c                ili93xx_device_type_identify
 .text.ili93xx_display_on
                0x0040041c       0x34 src/ASF/sam/components/display/ili93xx/ili93xx.o
                0x0040041c                ili93xx_display_on
 .text.ili93xx_set_foreground_color
                0x00400450       0x18 src/ASF/sam/components/display/ili93xx/ili93xx.o
                0x00400450                ili93xx_set_foreground_color
 .text.ili93xx_set_window
                0x00400468       0xa8 src/ASF/sam/components/display/ili93xx/ili93xx.o
                0x00400468                ili93xx_set_window
 .text.ili93xx_set_cursor_position
                0x00400510       0x28 src/ASF/sam/components/display/ili93xx/ili93xx.o
                0x00400510                ili93xx_set_cursor_position
 .text.ili93xx_init
                0x00400538      0x2e4 src/ASF/sam/components/display/ili93xx/ili93xx.o
                0x00400538                ili93xx_init
 .text.ili93xx_draw_pixel
                0x0040081c       0x7c src/ASF/sam/components/display/ili93xx/ili93xx.o
                0x0040081c                ili93xx_draw_pixel
 .text.ili93xx_draw_filled_rectangle
                0x00400898       0xc8 src/ASF/sam/components/display/ili93xx/ili93xx.o
                0x00400898                ili93xx_draw_filled_rectangle
 .text.ili93xx_draw_string
                0x00400960       0xb0 src/ASF/sam/components/display/ili93xx/ili93xx.o
                0x00400960                ili93xx_draw_string
 .text.adc_init
                0x00400a10       0x34 src/ASF/sam/drivers/adc/adc.o
                0x00400a10                adc_init
 .text.adc_configure_trigger
                0x00400a44        0xe src/ASF/sam/drivers/adc/adc.o
                0x00400a44                adc_configure_trigger
 .text.adc_configure_timing
                0x00400a52       0x1c src/ASF/sam/drivers/adc/adc.o
                0x00400a52                adc_configure_timing
 .text.adc_start
                0x00400a6e        0x6 src/ASF/sam/drivers/adc/adc.o
                0x00400a6e                adc_start
 .text.adc_enable_channel
                0x00400a74        0xa src/ASF/sam/drivers/adc/adc.o
                0x00400a74                adc_enable_channel
 .text.adc_get_latest_value
                0x00400a7e        0x4 src/ASF/sam/drivers/adc/adc.o
                0x00400a7e                adc_get_latest_value
 .text.adc_enable_interrupt
                0x00400a82        0x4 src/ASF/sam/drivers/adc/adc.o
                0x00400a82                adc_enable_interrupt
 .text.adc_get_status
                0x00400a86        0x4 src/ASF/sam/drivers/adc/adc.o
                0x00400a86                adc_get_status
 .text.tc_init  0x00400a8a       0x18 src/ASF/sam/drivers/tc/tc.o
                0x00400a8a                tc_init
 .text.tc_start
                0x00400aa2        0x8 src/ASF/sam/drivers/tc/tc.o
                0x00400aa2                tc_start
 .text.tc_write_rc
                0x00400aaa        0x8 src/ASF/sam/drivers/tc/tc.o
                0x00400aaa                tc_write_rc
 .text.tc_enable_interrupt
                0x00400ab2        0x8 src/ASF/sam/drivers/tc/tc.o
                0x00400ab2                tc_enable_interrupt
 .text.tc_get_status
                0x00400aba        0x8 src/ASF/sam/drivers/tc/tc.o
                0x00400aba                tc_get_status
 .text.tc_find_mck_divisor
                0x00400ac2       0x70 src/ASF/sam/drivers/tc/tc.o
                0x00400ac2                tc_find_mck_divisor
 .text.usart_write
                0x00400b32       0x14 src/ASF/sam/drivers/usart/usart.o
                0x00400b32                usart_write
 .text.usart_read
                0x00400b46       0x18 src/ASF/sam/drivers/usart/usart.o
                0x00400b46                usart_read
 *fill*         0x00400b5e        0x2 
 .text._write   0x00400b60       0x50 src/ASF/common/utils/stdio/write.o
                0x00400b60                _write
 .text.uart_init
                0x00400bb0       0x36 src/ASF/sam/drivers/uart/uart.o
                0x00400bb0                uart_init
 .text.uart_write
                0x00400be6       0x10 src/ASF/sam/drivers/uart/uart.o
                0x00400be6                uart_write
 .text.uart_read
                0x00400bf6       0x12 src/ASF/sam/drivers/uart/uart.o
                0x00400bf6                uart_read
 .text.sysclk_init
                0x00400c08       0x64 src/ASF/common/services/clock/sam4s/sysclk.o
                0x00400c08                sysclk_init
 .text.board_init
                0x00400c6c      0x144 src/ASF/sam/boards/sam4s_ek2/init.o
                0x00400c6c                board_init
 .text.pio_set_peripheral
                0x00400db0       0x90 src/ASF/sam/drivers/pio/pio.o
                0x00400db0                pio_set_peripheral
 .text.pio_set_input
                0x00400e40       0x32 src/ASF/sam/drivers/pio/pio.o
                0x00400e40                pio_set_input
 .text.pio_set_output
                0x00400e72       0x26 src/ASF/sam/drivers/pio/pio.o
                0x00400e72                pio_set_output
 .text.pio_get_interrupt_status
                0x00400e98        0x4 src/ASF/sam/drivers/pio/pio.o
                0x00400e98                pio_get_interrupt_status
 .text.pio_get_interrupt_mask
                0x00400e9c        0x4 src/ASF/sam/drivers/pio/pio.o
                0x00400e9c                pio_get_interrupt_mask
 .text.pio_set_pin_low
                0x00400ea0       0x1a src/ASF/sam/drivers/pio/pio.o
                0x00400ea0                pio_set_pin_low
 .text.pio_toggle_pin
                0x00400eba       0x20 src/ASF/sam/drivers/pio/pio.o
                0x00400eba                pio_toggle_pin
 *fill*         0x00400eda        0x2 
 .text.pio_configure_pin
                0x00400edc      0x120 src/ASF/sam/drivers/pio/pio.o
                0x00400edc                pio_configure_pin
 .text.pio_configure_pin_group
                0x00400ffc       0xd8 src/ASF/sam/drivers/pio/pio.o
                0x00400ffc                pio_configure_pin_group
 .text.pio_handler_process
                0x004010d4       0x68 src/ASF/sam/drivers/pio/pio_handler.o
                0x004010d4                pio_handler_process
 .text.PIOA_Handler
                0x0040113c       0x14 src/ASF/sam/drivers/pio/pio_handler.o
                0x0040113c                PIOA_Handler
 .text.PIOB_Handler
                0x00401150       0x14 src/ASF/sam/drivers/pio/pio_handler.o
                0x00401150                PIOB_Handler
 .text.PIOC_Handler
                0x00401164       0x14 src/ASF/sam/drivers/pio/pio_handler.o
                0x00401164                PIOC_Handler
 .text.pmc_switch_mck_to_pllack
                0x00401178       0x64 src/ASF/sam/drivers/pmc/pmc.o
                0x00401178                pmc_switch_mck_to_pllack
 .text.pmc_switch_mainck_to_xtal
                0x004011dc       0x54 src/ASF/sam/drivers/pmc/pmc.o
                0x004011dc                pmc_switch_mainck_to_xtal
 .text.pmc_osc_is_ready_mainck
                0x00401230       0x10 src/ASF/sam/drivers/pmc/pmc.o
                0x00401230                pmc_osc_is_ready_mainck
 .text.pmc_disable_pllack
                0x00401240       0x10 src/ASF/sam/drivers/pmc/pmc.o
                0x00401240                pmc_disable_pllack
 .text.pmc_is_locked_pllack
                0x00401250       0x10 src/ASF/sam/drivers/pmc/pmc.o
                0x00401250                pmc_is_locked_pllack
 .text.pmc_enable_periph_clk
                0x00401260       0x54 src/ASF/sam/drivers/pmc/pmc.o
                0x00401260                pmc_enable_periph_clk
 .text.Dummy_Handler
                0x004012b4        0x2 src/ASF/sam/utils/cmsis/sam4s/source/templates/gcc/startup_sam4s.o
                0x004012b4                DACC_Handler
                0x004012b4                DebugMon_Handler
                0x004012b4                HardFault_Handler
                0x004012b4                TC2_Handler
                0x004012b4                SPI_Handler
                0x004012b4                SysTick_Handler
                0x004012b4                TWI1_Handler
                0x004012b4                PendSV_Handler
                0x004012b4                NMI_Handler
                0x004012b4                ADC_Handler
                0x004012b4                CRCCU_Handler
                0x004012b4                USART0_Handler
                0x004012b4                RTT_Handler
                0x004012b4                EFC1_Handler
                0x004012b4                RTC_Handler
                0x004012b4                UsageFault_Handler
                0x004012b4                WDT_Handler
                0x004012b4                TC4_Handler
                0x004012b4                TC1_Handler
                0x004012b4                HSMCI_Handler
                0x004012b4                UART1_Handler
                0x004012b4                TC3_Handler
                0x004012b4                Dummy_Handler
                0x004012b4                TWI0_Handler
                0x004012b4                USART1_Handler
                0x004012b4                SSC_Handler
                0x004012b4                EFC0_Handler
                0x004012b4                ACC_Handler
                0x004012b4                PMC_Handler
                0x004012b4                PWM_Handler
                0x004012b4                MemManage_Handler
                0x004012b4                SUPC_Handler
                0x004012b4                SVC_Handler
                0x004012b4                UART0_Handler
                0x004012b4                UDP_Handler
                0x004012b4                BusFault_Handler
                0x004012b4                RSTC_Handler
                0x004012b4                TC5_Handler
 *fill*         0x004012b6        0x2 
 .text.Reset_Handler
                0x004012b8       0xac src/ASF/sam/utils/cmsis/sam4s/source/templates/gcc/startup_sam4s.o
                0x004012b8                Reset_Handler
 .text.SystemCoreClockUpdate
                0x00401364      0x110 src/ASF/sam/utils/cmsis/sam4s/source/templates/system_sam4s.o
                0x00401364                SystemCoreClockUpdate
 .text.system_init_flash
                0x00401474       0x94 src/ASF/sam/utils/cmsis/sam4s/source/templates/system_sam4s.o
                0x00401474                system_init_flash
 .text._sbrk    0x00401508       0x38 src/ASF/sam/utils/syscalls/gcc/syscalls.o
                0x00401508                _sbrk
 .text._close   0x00401540        0x6 src/ASF/sam/utils/syscalls/gcc/syscalls.o
                0x00401540                _close
 .text._fstat   0x00401546        0xa src/ASF/sam/utils/syscalls/gcc/syscalls.o
                0x00401546                _fstat
 .text._lseek   0x00401550        0x4 src/ASF/sam/utils/syscalls/gcc/syscalls.o
                0x00401550                _lseek
 .text.usart_serial_getchar
                0x00401554       0x88 src/main.o
 .text.usart_serial_putchar
                0x004015dc       0x80 src/main.o
 .text.inicializacao_UART
                0x0040165c       0x98 src/main.o
                0x0040165c                inicializacao_UART
 .text.TC0_Handler
                0x004016f4       0x94 src/main.o
                0x004016f4                TC0_Handler
 .text.configure_lcd
                0x00401788       0xc0 src/main.o
                0x00401788                configure_lcd
 .text.configure_adc
                0x00401848       0x7c src/main.o
                0x00401848                configure_adc
 .text.main     0x004018c4      0x164 src/main.o
                0x004018c4                main
 .text.__libc_init_array
                0x00401a28       0x50 c:/program files (x86)/atmel/studio/7.0/toolchain/arm/arm-gnu-toolchain/bin/../lib/gcc/arm-none-eabi/6.3.1/../../../../arm-none-eabi/lib/thumb/v7e-m\libc.a(lib_a-init.o)
                0x00401a28                __libc_init_array
 .text.memset   0x00401a78       0x9c c:/program files (x86)/atmel/studio/7.0/toolchain/arm/arm-gnu-toolchain/bin/../lib/gcc/arm-none-eabi/6.3.1/../../../../arm-none-eabi/lib/thumb/v7e-m\libc.a(lib_a-memset.o)
                0x00401a78                memset
 .text.setbuf   0x00401b14       0x10 c:/program files (x86)/atmel/studio/7.0/toolchain/arm/arm-gnu-toolchain/bin/../lib/gcc/arm-none-eabi/6.3.1/../../../../arm-none-eabi/lib/thumb/v7e-m\libc.a(lib_a-setbuf.o)
                0x00401b14                setbuf
 .text.setvbuf  0x00401b24      0x190 c:/program files (x86)/atmel/studio/7.0/toolchain/arm/arm-gnu-toolchain/bin/../lib/gcc/arm-none-eabi/6.3.1/../../../../arm-none-eabi/lib/thumb/v7e-m\libc.a(lib_a-setvbuf.o)
                0x00401b24                setvbuf
 .text.sprintf  0x00401cb4       0x4c c:/program files (x86)/atmel/studio/7.0/toolchain/arm/arm-gnu-toolchain/bin/../lib/gcc/arm-none-eabi/6.3.1/../../../../arm-none-eabi/lib/thumb/v7e-m\libc.a(lib_a-sprintf.o)
                0x00401cb4                sprintf
 .text          0x00401d00       0xdc c:/program files (x86)/atmel/studio/7.0/toolchain/arm/arm-gnu-toolchain/bin/../lib/gcc/arm-none-eabi/6.3.1/../../../../arm-none-eabi/lib/thumb/v7e-m\libc.a(lib_a-strlen.o)
                0x00401d00                strlen
 .text._svfprintf_r
                0x00401ddc     0x145c c:/program files (x86)/atmel/studio/7.0/toolchain/arm/arm-gnu-toolchain/bin/../lib/gcc/arm-none-eabi/6.3.1/../../../../arm-none-eabi/lib/thumb/v7e-m\libc.a(lib_a-svfprintf.o)
                0x00401ddc                _svfprintf_r
 .text.startup.register_fini
                0x00403238       0x14 c:/program files (x86)/atmel/studio/7.0/toolchain/arm/arm-gnu-toolchain/bin/../lib/gcc/arm-none-eabi/6.3.1/../../../../arm-none-eabi/lib/thumb/v7e-m\libc.a(lib_a-__call_atexit.o)
 .text.atexit   0x0040324c        0xc c:/program files (x86)/atmel/studio/7.0/toolchain/arm/arm-gnu-toolchain/bin/../lib/gcc/arm-none-eabi/6.3.1/../../../../arm-none-eabi/lib/thumb/v7e-m\libc.a(lib_a-atexit.o)
                0x0040324c                atexit
 .text.quorem   0x00403258      0x128 c:/program files (x86)/atmel/studio/7.0/toolchain/arm/arm-gnu-toolchain/bin/../lib/gcc/arm-none-eabi/6.3.1/../../../../arm-none-eabi/lib/thumb/v7e-m\libc.a(lib_a-dtoa.o)
 .text._dtoa_r  0x00403380      0xe54 c:/program files (x86)/atmel/studio/7.0/toolchain/arm/arm-gnu-toolchain/bin/../lib/gcc/arm-none-eabi/6.3.1/../../../../arm-none-eabi/lib/thumb/v7e-m\libc.a(lib_a-dtoa.o)
                0x00403380                _dtoa_r
 .text.__sflush_r
                0x004041d4      0x140 c:/program files (x86)/atmel/studio/7.0/toolchain/arm/arm-gnu-toolchain/bin/../lib/gcc/arm-none-eabi/6.3.1/../../../../arm-none-eabi/lib/thumb/v7e-m\libc.a(lib_a-fflush.o)
                0x004041d4                __sflush_r
 .text._fflush_r
                0x00404314       0x54 c:/program files (x86)/atmel/studio/7.0/toolchain/arm/arm-gnu-toolchain/bin/../lib/gcc/arm-none-eabi/6.3.1/../../../../arm-none-eabi/lib/thumb/v7e-m\libc.a(lib_a-fflush.o)
                0x00404314                _fflush_r
 .text._cleanup_r
                0x00404368        0xc c:/program files (x86)/atmel/studio/7.0/toolchain/arm/arm-gnu-toolchain/bin/../lib/gcc/arm-none-eabi/6.3.1/../../../../arm-none-eabi/lib/thumb/v7e-m\libc.a(lib_a-findfp.o)
                0x00404368                _cleanup_r
 .text.std.isra.0
                0x00404374       0x50 c:/program files (x86)/atmel/studio/7.0/toolchain/arm/arm-gnu-toolchain/bin/../lib/gcc/arm-none-eabi/6.3.1/../../../../arm-none-eabi/lib/thumb/v7e-m\libc.a(lib_a-findfp.o)
 .text.__sinit  0x004043c4       0x58 c:/program files (x86)/atmel/studio/7.0/toolchain/arm/arm-gnu-toolchain/bin/../lib/gcc/arm-none-eabi/6.3.1/../../../../arm-none-eabi/lib/thumb/v7e-m\libc.a(lib_a-findfp.o)
                0x004043c4                __sinit
 .text.__sfp_lock_acquire
                0x0040441c        0xc c:/program files (x86)/atmel/studio/7.0/toolchain/arm/arm-gnu-toolchain/bin/../lib/gcc/arm-none-eabi/6.3.1/../../../../arm-none-eabi/lib/thumb/v7e-m\libc.a(lib_a-findfp.o)
                0x0040441c                __sfp_lock_acquire
 .text.__sfp_lock_release
                0x00404428        0xc c:/program files (x86)/atmel/studio/7.0/toolchain/arm/arm-gnu-toolchain/bin/../lib/gcc/arm-none-eabi/6.3.1/../../../../arm-none-eabi/lib/thumb/v7e-m\libc.a(lib_a-findfp.o)
                0x00404428                __sfp_lock_release
 .text.__libc_fini_array
                0x00404434       0x34 c:/program files (x86)/atmel/studio/7.0/toolchain/arm/arm-gnu-toolchain/bin/../lib/gcc/arm-none-eabi/6.3.1/../../../../arm-none-eabi/lib/thumb/v7e-m\libc.a(lib_a-fini.o)
                0x00404434                __libc_fini_array
 .text._malloc_trim_r
                0x00404468       0xa0 c:/program files (x86)/atmel/studio/7.0/toolchain/arm/arm-gnu-toolchain/bin/../lib/gcc/arm-none-eabi/6.3.1/../../../../arm-none-eabi/lib/thumb/v7e-m\libc.a(lib_a-freer.o)
                0x00404468                _malloc_trim_r
 .text._free_r  0x00404508      0x1cc c:/program files (x86)/atmel/studio/7.0/toolchain/arm/arm-gnu-toolchain/bin/../lib/gcc/arm-none-eabi/6.3.1/../../../../arm-none-eabi/lib/thumb/v7e-m\libc.a(lib_a-freer.o)
                0x00404508                _free_r
 .text._fwalk_reent
                0x004046d4       0x54 c:/program files (x86)/atmel/studio/7.0/toolchain/arm/arm-gnu-toolchain/bin/../lib/gcc/arm-none-eabi/6.3.1/../../../../arm-none-eabi/lib/thumb/v7e-m\libc.a(lib_a-fwalk.o)
                0x004046d4                _fwalk_reent
 .text._localeconv_r
                0x00404728       0x1c c:/program files (x86)/atmel/studio/7.0/toolchain/arm/arm-gnu-toolchain/bin/../lib/gcc/arm-none-eabi/6.3.1/../../../../arm-none-eabi/lib/thumb/v7e-m\libc.a(lib_a-localeconv.o)
                0x00404728                _localeconv_r
 .text.__retarget_lock_init_recursive
                0x00404744        0x4 c:/program files (x86)/atmel/studio/7.0/toolchain/arm/arm-gnu-toolchain/bin/../lib/gcc/arm-none-eabi/6.3.1/../../../../arm-none-eabi/lib/thumb/v7e-m\libc.a(lib_a-lock.o)
                0x00404744                __retarget_lock_init_recursive
 .text.__retarget_lock_close_recursive
                0x00404748        0x4 c:/program files (x86)/atmel/studio/7.0/toolchain/arm/arm-gnu-toolchain/bin/../lib/gcc/arm-none-eabi/6.3.1/../../../../arm-none-eabi/lib/thumb/v7e-m\libc.a(lib_a-lock.o)
                0x00404748                __retarget_lock_close_recursive
 .text.__retarget_lock_acquire_recursive
                0x0040474c        0x4 c:/program files (x86)/atmel/studio/7.0/toolchain/arm/arm-gnu-toolchain/bin/../lib/gcc/arm-none-eabi/6.3.1/../../../../arm-none-eabi/lib/thumb/v7e-m\libc.a(lib_a-lock.o)
                0x0040474c                __retarget_lock_acquire_recursive
 .text.__retarget_lock_release_recursive
                0x00404750        0x4 c:/program files (x86)/atmel/studio/7.0/toolchain/arm/arm-gnu-toolchain/bin/../lib/gcc/arm-none-eabi/6.3.1/../../../../arm-none-eabi/lib/thumb/v7e-m\libc.a(lib_a-lock.o)
                0x00404750                __retarget_lock_release_recursive
 .text.__swhatbuf_r
                0x00404754       0x5c c:/program files (x86)/atmel/studio/7.0/toolchain/arm/arm-gnu-toolchain/bin/../lib/gcc/arm-none-eabi/6.3.1/../../../../arm-none-eabi/lib/thumb/v7e-m\libc.a(lib_a-makebuf.o)
                0x00404754                __swhatbuf_r
 .text.malloc   0x004047b0       0x10 c:/program files (x86)/atmel/studio/7.0/toolchain/arm/arm-gnu-toolchain/bin/../lib/gcc/arm-none-eabi/6.3.1/../../../../arm-none-eabi/lib/thumb/v7e-m\libc.a(lib_a-malloc.o)
                0x004047b0                malloc
 .text._malloc_r
                0x004047c0      0x560 c:/program files (x86)/atmel/studio/7.0/toolchain/arm/arm-gnu-toolchain/bin/../lib/gcc/arm-none-eabi/6.3.1/../../../../arm-none-eabi/lib/thumb/v7e-m\libc.a(lib_a-mallocr.o)
                0x004047c0                _malloc_r
 .text.__ascii_mbtowc
                0x00404d20       0x2c c:/program files (x86)/atmel/studio/7.0/toolchain/arm/arm-gnu-toolchain/bin/../lib/gcc/arm-none-eabi/6.3.1/../../../../arm-none-eabi/lib/thumb/v7e-m\libc.a(lib_a-mbtowc_r.o)
                0x00404d20                __ascii_mbtowc
 *fill*         0x00404d4c        0x4 
 .text          0x00404d50       0xa0 c:/program files (x86)/atmel/studio/7.0/toolchain/arm/arm-gnu-toolchain/bin/../lib/gcc/arm-none-eabi/6.3.1/../../../../arm-none-eabi/lib/thumb/v7e-m\libc.a(lib_a-memchr.o)
                0x00404d50                memchr
 .text          0x00404df0      0x134 c:/program files (x86)/atmel/studio/7.0/toolchain/arm/arm-gnu-toolchain/bin/../lib/gcc/arm-none-eabi/6.3.1/../../../../arm-none-eabi/lib/thumb/v7e-m\libc.a(lib_a-memcpy.o)
                0x00404df0                memcpy
 .text.memmove  0x00404f24       0xc8 c:/program files (x86)/atmel/studio/7.0/toolchain/arm/arm-gnu-toolchain/bin/../lib/gcc/arm-none-eabi/6.3.1/../../../../arm-none-eabi/lib/thumb/v7e-m\libc.a(lib_a-memmove.o)
                0x00404f24                memmove
 .text.__malloc_lock
                0x00404fec        0xc c:/program files (x86)/atmel/studio/7.0/toolchain/arm/arm-gnu-toolchain/bin/../lib/gcc/arm-none-eabi/6.3.1/../../../../arm-none-eabi/lib/thumb/v7e-m\libc.a(lib_a-mlock.o)
                0x00404fec                __malloc_lock
 .text.__malloc_unlock
                0x00404ff8        0xc c:/program files (x86)/atmel/studio/7.0/toolchain/arm/arm-gnu-toolchain/bin/../lib/gcc/arm-none-eabi/6.3.1/../../../../arm-none-eabi/lib/thumb/v7e-m\libc.a(lib_a-mlock.o)
                0x00404ff8                __malloc_unlock
 .text._Balloc  0x00405004       0x4c c:/program files (x86)/atmel/studio/7.0/toolchain/arm/arm-gnu-toolchain/bin/../lib/gcc/arm-none-eabi/6.3.1/../../../../arm-none-eabi/lib/thumb/v7e-m\libc.a(lib_a-mprec.o)
                0x00405004                _Balloc
 .text._Bfree   0x00405050       0x14 c:/program files (x86)/atmel/studio/7.0/toolchain/arm/arm-gnu-toolchain/bin/../lib/gcc/arm-none-eabi/6.3.1/../../../../arm-none-eabi/lib/thumb/v7e-m\libc.a(lib_a-mprec.o)
                0x00405050                _Bfree
 .text.__multadd
                0x00405064       0x80 c:/program files (x86)/atmel/studio/7.0/toolchain/arm/arm-gnu-toolchain/bin/../lib/gcc/arm-none-eabi/6.3.1/../../../../arm-none-eabi/lib/thumb/v7e-m\libc.a(lib_a-mprec.o)
                0x00405064                __multadd
 .text.__hi0bits
                0x004050e4       0x40 c:/program files (x86)/atmel/studio/7.0/toolchain/arm/arm-gnu-toolchain/bin/../lib/gcc/arm-none-eabi/6.3.1/../../../../arm-none-eabi/lib/thumb/v7e-m\libc.a(lib_a-mprec.o)
                0x004050e4                __hi0bits
 .text.__lo0bits
                0x00405124       0x60 c:/program files (x86)/atmel/studio/7.0/toolchain/arm/arm-gnu-toolchain/bin/../lib/gcc/arm-none-eabi/6.3.1/../../../../arm-none-eabi/lib/thumb/v7e-m\libc.a(lib_a-mprec.o)
                0x00405124                __lo0bits
 .text.__i2b    0x00405184       0x14 c:/program files (x86)/atmel/studio/7.0/toolchain/arm/arm-gnu-toolchain/bin/../lib/gcc/arm-none-eabi/6.3.1/../../../../arm-none-eabi/lib/thumb/v7e-m\libc.a(lib_a-mprec.o)
                0x00405184                __i2b
 .text.__multiply
                0x00405198      0x124 c:/program files (x86)/atmel/studio/7.0/toolchain/arm/arm-gnu-toolchain/bin/../lib/gcc/arm-none-eabi/6.3.1/../../../../arm-none-eabi/lib/thumb/v7e-m\libc.a(lib_a-mprec.o)
                0x00405198                __multiply
 .text.__pow5mult
                0x004052bc       0xa0 c:/program files (x86)/atmel/studio/7.0/toolchain/arm/arm-gnu-toolchain/bin/../lib/gcc/arm-none-eabi/6.3.1/../../../../arm-none-eabi/lib/thumb/v7e-m\libc.a(lib_a-mprec.o)
                0x004052bc                __pow5mult
 .text.__lshift
                0x0040535c       0xa4 c:/program files (x86)/atmel/studio/7.0/toolchain/arm/arm-gnu-toolchain/bin/../lib/gcc/arm-none-eabi/6.3.1/../../../../arm-none-eabi/lib/thumb/v7e-m\libc.a(lib_a-mprec.o)
                0x0040535c                __lshift
 .text.__mcmp   0x00405400       0x38 c:/program files (x86)/atmel/studio/7.0/toolchain/arm/arm-gnu-toolchain/bin/../lib/gcc/arm-none-eabi/6.3.1/../../../../arm-none-eabi/lib/thumb/v7e-m\libc.a(lib_a-mprec.o)
                0x00405400                __mcmp
 .text.__mdiff  0x00405438      0x108 c:/program files (x86)/atmel/studio/7.0/toolchain/arm/arm-gnu-toolchain/bin/../lib/gcc/arm-none-eabi/6.3.1/../../../../arm-none-eabi/lib/thumb/v7e-m\libc.a(lib_a-mprec.o)
                0x00405438                __mdiff
 .text.__d2b    0x00405540       0xb8 c:/program files (x86)/atmel/studio/7.0/toolchain/arm/arm-gnu-toolchain/bin/../lib/gcc/arm-none-eabi/6.3.1/../../../../arm-none-eabi/lib/thumb/v7e-m\libc.a(lib_a-mprec.o)
                0x00405540                __d2b
 .text._realloc_r
                0x004055f8      0x34c c:/program files (x86)/atmel/studio/7.0/toolchain/arm/arm-gnu-toolchain/bin/../lib/gcc/arm-none-eabi/6.3.1/../../../../arm-none-eabi/lib/thumb/v7e-m\libc.a(lib_a-reallocr.o)
                0x004055f8                _realloc_r
 .text._sbrk_r  0x00405944       0x24 c:/program files (x86)/atmel/studio/7.0/toolchain/arm/arm-gnu-toolchain/bin/../lib/gcc/arm-none-eabi/6.3.1/../../../../arm-none-eabi/lib/thumb/v7e-m\libc.a(lib_a-sbrkr.o)
                0x00405944                _sbrk_r
 .text.__sread  0x00405968       0x24 c:/program files (x86)/atmel/studio/7.0/toolchain/arm/arm-gnu-toolchain/bin/../lib/gcc/arm-none-eabi/6.3.1/../../../../arm-none-eabi/lib/thumb/v7e-m\libc.a(lib_a-stdio.o)
                0x00405968                __sread
 .text.__swrite
                0x0040598c       0x3c c:/program files (x86)/atmel/studio/7.0/toolchain/arm/arm-gnu-toolchain/bin/../lib/gcc/arm-none-eabi/6.3.1/../../../../arm-none-eabi/lib/thumb/v7e-m\libc.a(lib_a-stdio.o)
                0x0040598c                __swrite
 .text.__sseek  0x004059c8       0x20 c:/program files (x86)/atmel/studio/7.0/toolchain/arm/arm-gnu-toolchain/bin/../lib/gcc/arm-none-eabi/6.3.1/../../../../arm-none-eabi/lib/thumb/v7e-m\libc.a(lib_a-stdio.o)
                0x004059c8                __sseek
 .text.__sclose
                0x004059e8        0x8 c:/program files (x86)/atmel/studio/7.0/toolchain/arm/arm-gnu-toolchain/bin/../lib/gcc/arm-none-eabi/6.3.1/../../../../arm-none-eabi/lib/thumb/v7e-m\libc.a(lib_a-stdio.o)
                0x004059e8                __sclose
 .text.__ssprint_r
                0x004059f0       0xfc c:/program files (x86)/atmel/studio/7.0/toolchain/arm/arm-gnu-toolchain/bin/../lib/gcc/arm-none-eabi/6.3.1/../../../../arm-none-eabi/lib/thumb/v7e-m\libc.a(lib_a-svfiprintf.o)
                0x004059f0                __ssprint_r
 .text.__ascii_wctomb
                0x00405aec       0x1c c:/program files (x86)/atmel/studio/7.0/toolchain/arm/arm-gnu-toolchain/bin/../lib/gcc/arm-none-eabi/6.3.1/../../../../arm-none-eabi/lib/thumb/v7e-m\libc.a(lib_a-wctomb_r.o)
                0x00405aec                __ascii_wctomb
 .text._write_r
                0x00405b08       0x2c c:/program files (x86)/atmel/studio/7.0/toolchain/arm/arm-gnu-toolchain/bin/../lib/gcc/arm-none-eabi/6.3.1/../../../../arm-none-eabi/lib/thumb/v7e-m\libc.a(lib_a-writer.o)
                0x00405b08                _write_r
 .text.__register_exitproc
                0x00405b34       0xc4 c:/program files (x86)/atmel/studio/7.0/toolchain/arm/arm-gnu-toolchain/bin/../lib/gcc/arm-none-eabi/6.3.1/../../../../arm-none-eabi/lib/thumb/v7e-m\libc.a(lib_a-__atexit.o)
                0x00405b34                __register_exitproc
 .text._calloc_r
                0x00405bf8       0x60 c:/program files (x86)/atmel/studio/7.0/toolchain/arm/arm-gnu-toolchain/bin/../lib/gcc/arm-none-eabi/6.3.1/../../../../arm-none-eabi/lib/thumb/v7e-m\libc.a(lib_a-callocr.o)
                0x00405bf8                _calloc_r
 .text._close_r
                0x00405c58       0x24 c:/program files (x86)/atmel/studio/7.0/toolchain/arm/arm-gnu-toolchain/bin/../lib/gcc/arm-none-eabi/6.3.1/../../../../arm-none-eabi/lib/thumb/v7e-m\libc.a(lib_a-closer.o)
                0x00405c58                _close_r
 .text._fclose_r
                0x00405c7c       0xc4 c:/program files (x86)/atmel/studio/7.0/toolchain/arm/arm-gnu-toolchain/bin/../lib/gcc/arm-none-eabi/6.3.1/../../../../arm-none-eabi/lib/thumb/v7e-m\libc.a(lib_a-fclose.o)
                0x00405c7c                _fclose_r
 .text._fstat_r
                0x00405d40       0x28 c:/program files (x86)/atmel/studio/7.0/toolchain/arm/arm-gnu-toolchain/bin/../lib/gcc/arm-none-eabi/6.3.1/../../../../arm-none-eabi/lib/thumb/v7e-m\libc.a(lib_a-fstatr.o)
                0x00405d40                _fstat_r
 .text._lseek_r
                0x00405d68       0x2c c:/program files (x86)/atmel/studio/7.0/toolchain/arm/arm-gnu-toolchain/bin/../lib/gcc/arm-none-eabi/6.3.1/../../../../arm-none-eabi/lib/thumb/v7e-m\libc.a(lib_a-lseekr.o)
                0x00405d68                _lseek_r
 .text._read_r  0x00405d94       0x2c c:/program files (x86)/atmel/studio/7.0/toolchain/arm/arm-gnu-toolchain/bin/../lib/gcc/arm-none-eabi/6.3.1/../../../../arm-none-eabi/lib/thumb/v7e-m\libc.a(lib_a-readr.o)
                0x00405d94                _read_r
 .text          0x00405dc0      0x370 c:/program files (x86)/atmel/studio/7.0/toolchain/arm/arm-gnu-toolchain/bin/../lib/gcc/arm-none-eabi/6.3.1/thumb/v7e-m\libgcc.a(_arm_addsubdf3.o)
                0x00405dc0                __aeabi_drsub
                0x00405dc8                __aeabi_dsub
                0x00405dc8                __subdf3
                0x00405dcc                __aeabi_dadd
                0x00405dcc                __adddf3
                0x00406044                __floatunsidf
                0x00406044                __aeabi_ui2d
                0x00406064                __floatsidf
                0x00406064                __aeabi_i2d
                0x00406088                __aeabi_f2d
                0x00406088                __extendsfdf2
                0x004060c4                __floatundidf
                0x004060c4                __aeabi_ul2d
                0x004060d4                __floatdidf
                0x004060d4                __aeabi_l2d
 .text          0x00406130      0x424 c:/program files (x86)/atmel/studio/7.0/toolchain/arm/arm-gnu-toolchain/bin/../lib/gcc/arm-none-eabi/6.3.1/thumb/v7e-m\libgcc.a(_arm_muldivdf3.o)
                0x00406130                __aeabi_dmul
                0x00406130                __muldf3
                0x00406384                __divdf3
                0x00406384                __aeabi_ddiv
 .text          0x00406554      0x110 c:/program files (x86)/atmel/studio/7.0/toolchain/arm/arm-gnu-toolchain/bin/../lib/gcc/arm-none-eabi/6.3.1/thumb/v7e-m\libgcc.a(_arm_cmpdf2.o)
                0x00406554                __gtdf2
                0x00406554                __gedf2
                0x0040655c                __ltdf2
                0x0040655c                __ledf2
                0x00406564                __nedf2
                0x00406564                __eqdf2
                0x00406564                __cmpdf2
                0x004065e0                __aeabi_cdrcmple
                0x004065f0                __aeabi_cdcmpeq
                0x004065f0                __aeabi_cdcmple
                0x00406600                __aeabi_dcmpeq
                0x00406614                __aeabi_dcmplt
                0x00406628                __aeabi_dcmple
                0x0040663c                __aeabi_dcmpge
                0x00406650                __aeabi_dcmpgt
 .text          0x00406664       0x2c c:/program files (x86)/atmel/studio/7.0/toolchain/arm/arm-gnu-toolchain/bin/../lib/gcc/arm-none-eabi/6.3.1/thumb/v7e-m\libgcc.a(_arm_unorddf2.o)
                0x00406664                __unorddf2
                0x00406664                __aeabi_dcmpun
 .text          0x00406690       0x50 c:/program files (x86)/atmel/studio/7.0/toolchain/arm/arm-gnu-toolchain/bin/../lib/gcc/arm-none-eabi/6.3.1/thumb/v7e-m\libgcc.a(_arm_fixdfsi.o)
                0x00406690                __aeabi_d2iz
                0x00406690                __fixdfsi
 .text          0x004066e0       0x30 c:/program files (x86)/atmel/studio/7.0/toolchain/arm/arm-gnu-toolchain/bin/../lib/gcc/arm-none-eabi/6.3.1/thumb/v7e-m\libgcc.a(_aeabi_uldivmod.o)
                0x004066e0                __aeabi_uldivmod
 .text          0x00406710      0x2dc c:/program files (x86)/atmel/studio/7.0/toolchain/arm/arm-gnu-toolchain/bin/../lib/gcc/arm-none-eabi/6.3.1/thumb/v7e-m\libgcc.a(_udivmoddi4.o)
                0x00406710                __udivmoddi4
 .text          0x004069ec        0x4 c:/program files (x86)/atmel/studio/7.0/toolchain/arm/arm-gnu-toolchain/bin/../lib/gcc/arm-none-eabi/6.3.1/thumb/v7e-m\libgcc.a(_dvmd_tls.o)
                0x004069ec                __aeabi_idiv0
                0x004069ec                __aeabi_ldiv0
 *(.glue_7t)
 .glue_7t       0x004069f0        0x0 linker stubs
 *(.glue_7)
 .glue_7        0x004069f0        0x0 linker stubs
 *(.rodata .rodata* .gnu.linkonce.r.*)
 .rodata.p_uc_charset10x14
                0x004069f0      0x780 src/ASF/sam/components/display/ili93xx/ili93xx.o
                0x004069f0                p_uc_charset10x14
 .rodata.TC0_Handler.str1.4
                0x00407170        0x3 src/main.o
 *fill*         0x00407173        0x1 
 .rodata.main.str1.4
                0x00407174        0xb src/main.o
 *fill*         0x0040717f        0x1 
 .rodata._global_impure_ptr
                0x00407180        0x4 c:/program files (x86)/atmel/studio/7.0/toolchain/arm/arm-gnu-toolchain/bin/../lib/gcc/arm-none-eabi/6.3.1/../../../../arm-none-eabi/lib/thumb/v7e-m\libc.a(lib_a-impure.o)
                0x00407180                _global_impure_ptr
 .rodata._svfprintf_r.str1.4
                0x00407184       0x42 c:/program files (x86)/atmel/studio/7.0/toolchain/arm/arm-gnu-toolchain/bin/../lib/gcc/arm-none-eabi/6.3.1/../../../../arm-none-eabi/lib/thumb/v7e-m\libc.a(lib_a-svfprintf.o)
 *fill*         0x004071c6        0x2 
 .rodata.blanks.7223
                0x004071c8       0x10 c:/program files (x86)/atmel/studio/7.0/toolchain/arm/arm-gnu-toolchain/bin/../lib/gcc/arm-none-eabi/6.3.1/../../../../arm-none-eabi/lib/thumb/v7e-m\libc.a(lib_a-svfprintf.o)
 .rodata.zeroes.7224
                0x004071d8       0x10 c:/program files (x86)/atmel/studio/7.0/toolchain/arm/arm-gnu-toolchain/bin/../lib/gcc/arm-none-eabi/6.3.1/../../../../arm-none-eabi/lib/thumb/v7e-m\libc.a(lib_a-svfprintf.o)
 .rodata._dtoa_r.str1.4
                0x004071e8       0x10 c:/program files (x86)/atmel/studio/7.0/toolchain/arm/arm-gnu-toolchain/bin/../lib/gcc/arm-none-eabi/6.3.1/../../../../arm-none-eabi/lib/thumb/v7e-m\libc.a(lib_a-dtoa.o)
                                 0x12 (size before relaxing)
 .rodata._setlocale_r.str1.4
                0x004071f8        0xa c:/program files (x86)/atmel/studio/7.0/toolchain/arm/arm-gnu-toolchain/bin/../lib/gcc/arm-none-eabi/6.3.1/../../../../arm-none-eabi/lib/thumb/v7e-m\libc.a(lib_a-locale.o)
                                  0xd (size before relaxing)
 *fill*         0x00407202        0x2 
 .rodata.str1.4
                0x00407204        0x4 c:/program files (x86)/atmel/studio/7.0/toolchain/arm/arm-gnu-toolchain/bin/../lib/gcc/arm-none-eabi/6.3.1/../../../../arm-none-eabi/lib/thumb/v7e-m\libc.a(lib_a-locale.o)
                                  0x2 (size before relaxing)
 .rodata.__mprec_bigtens
                0x00407208       0x28 c:/program files (x86)/atmel/studio/7.0/toolchain/arm/arm-gnu-toolchain/bin/../lib/gcc/arm-none-eabi/6.3.1/../../../../arm-none-eabi/lib/thumb/v7e-m\libc.a(lib_a-mprec.o)
                0x00407208                __mprec_bigtens
 .rodata.__mprec_tens
                0x00407230       0xc8 c:/program files (x86)/atmel/studio/7.0/toolchain/arm/arm-gnu-toolchain/bin/../lib/gcc/arm-none-eabi/6.3.1/../../../../arm-none-eabi/lib/thumb/v7e-m\libc.a(lib_a-mprec.o)
                0x00407230                __mprec_tens
 .rodata.p05.6055
                0x004072f8        0xc c:/program files (x86)/atmel/studio/7.0/toolchain/arm/arm-gnu-toolchain/bin/../lib/gcc/arm-none-eabi/6.3.1/../../../../arm-none-eabi/lib/thumb/v7e-m\libc.a(lib_a-mprec.o)
 .rodata._ctype_
                0x00407304      0x101 c:/program files (x86)/atmel/studio/7.0/toolchain/arm/arm-gnu-toolchain/bin/../lib/gcc/arm-none-eabi/6.3.1/../../../../arm-none-eabi/lib/thumb/v7e-m\libc.a(lib_a-ctype_.o)
                0x00407304                _ctype_
 *(.ARM.extab* .gnu.linkonce.armextab.*)
                0x00407408                . = ALIGN (0x4)
 *fill*         0x00407405        0x3 
 *(.init)
 .init          0x00407408        0x4 c:/program files (x86)/atmel/studio/7.0/toolchain/arm/arm-gnu-toolchain/bin/../lib/gcc/arm-none-eabi/6.3.1/thumb/v7e-m/crti.o
                0x00407408                _init
 .init          0x0040740c        0x8 c:/program files (x86)/atmel/studio/7.0/toolchain/arm/arm-gnu-toolchain/bin/../lib/gcc/arm-none-eabi/6.3.1/thumb/v7e-m/crtn.o
                0x00407414                . = ALIGN (0x4)
                0x00407414                __preinit_array_start = .
 *(.preinit_array)
                0x00407414                __preinit_array_end = .
                0x00407414                . = ALIGN (0x4)
                0x00407414                __init_array_start = .
 *(SORT(.init_array.*))
 .init_array.00000
                0x00407414        0x4 c:/program files (x86)/atmel/studio/7.0/toolchain/arm/arm-gnu-toolchain/bin/../lib/gcc/arm-none-eabi/6.3.1/../../../../arm-none-eabi/lib/thumb/v7e-m\libc.a(lib_a-__call_atexit.o)
 *(.init_array)
 .init_array    0x00407418        0x4 c:/program files (x86)/atmel/studio/7.0/toolchain/arm/arm-gnu-toolchain/bin/../lib/gcc/arm-none-eabi/6.3.1/thumb/v7e-m/crtbegin.o
                0x0040741c                __init_array_end = .
                0x0040741c                . = ALIGN (0x4)
 *crtbegin.o(.ctors)
 *(EXCLUDE_FILE(*crtend.o) .ctors)
 *(SORT(.ctors.*))
 *crtend.o(.ctors)
                0x0040741c                . = ALIGN (0x4)
 *(.fini)
 .fini          0x0040741c        0x4 c:/program files (x86)/atmel/studio/7.0/toolchain/arm/arm-gnu-toolchain/bin/../lib/gcc/arm-none-eabi/6.3.1/thumb/v7e-m/crti.o
                0x0040741c                _fini
 .fini          0x00407420        0x8 c:/program files (x86)/atmel/studio/7.0/toolchain/arm/arm-gnu-toolchain/bin/../lib/gcc/arm-none-eabi/6.3.1/thumb/v7e-m/crtn.o
                0x00407428                . = ALIGN (0x4)
                0x00407428                __fini_array_start = .
 *(.fini_array)
 .fini_array    0x00407428        0x4 c:/program files (x86)/atmel/studio/7.0/toolchain/arm/arm-gnu-toolchain/bin/../lib/gcc/arm-none-eabi/6.3.1/thumb/v7e-m/crtbegin.o
 *(SORT(.fini_array.*))
                0x0040742c                __fini_array_end = .
 *crtbegin.o(.dtors)
 *(EXCLUDE_FILE(*crtend.o) .dtors)
 *(SORT(.dtors.*))
 *crtend.o(.dtors)
                0x0040742c                . = ALIGN (0x4)
                0x0040742c                _efixed = .
                [!provide]                PROVIDE (__exidx_start, .)

.vfp11_veneer   0x0040742c        0x0
 .vfp11_veneer  0x0040742c        0x0 linker stubs

.v4_bx          0x0040742c        0x0
 .v4_bx         0x0040742c        0x0 linker stubs

.iplt           0x0040742c        0x0
 .iplt          0x0040742c        0x0 c:/program files (x86)/atmel/studio/7.0/toolchain/arm/arm-gnu-toolchain/bin/../lib/gcc/arm-none-eabi/6.3.1/thumb/v7e-m/crtbegin.o

.ARM.exidx      0x0040742c        0x8
 *(.ARM.exidx* .gnu.linkonce.armexidx.*)
 .ARM.exidx     0x0040742c        0x8 c:/program files (x86)/atmel/studio/7.0/toolchain/arm/arm-gnu-toolchain/bin/../lib/gcc/arm-none-eabi/6.3.1/thumb/v7e-m\libgcc.a(_udivmoddi4.o)
                [!provide]                PROVIDE (__exidx_end, .)

.eh_frame       0x00407434        0x0
 .eh_frame      0x00407434        0x0 c:/program files (x86)/atmel/studio/7.0/toolchain/arm/arm-gnu-toolchain/bin/../lib/gcc/arm-none-eabi/6.3.1/thumb/v7e-m/crtbegin.o

.rel.dyn        0x00407434        0x0
 .rel.iplt      0x00407434        0x0 c:/program files (x86)/atmel/studio/7.0/toolchain/arm/arm-gnu-toolchain/bin/../lib/gcc/arm-none-eabi/6.3.1/thumb/v7e-m/crtbegin.o

.jcr            0x00407434        0x0
 .jcr           0x00407434        0x0 c:/program files (x86)/atmel/studio/7.0/toolchain/arm/arm-gnu-toolchain/bin/../lib/gcc/arm-none-eabi/6.3.1/thumb/v7e-m/crtbegin.o

.igot.plt       0x00407434        0x0
 .igot.plt      0x00407434        0x0 c:/program files (x86)/atmel/studio/7.0/toolchain/arm/arm-gnu-toolchain/bin/../lib/gcc/arm-none-eabi/6.3.1/thumb/v7e-m/crtbegin.o
                0x00407434                . = ALIGN (0x4)
                0x00407434                _etext = .

.relocate       0x20000000      0x9d8 load address 0x00407434
                0x20000000                . = ALIGN (0x4)
                0x20000000                _srelocate = .
 *(.ramfunc .ramfunc.*)
 .ramfunc       0x20000000        0xa src/ASF/common/services/delay/sam/cycle_counter.o
                0x20000000                portable_delay_cycles
 *(.data .data.*)
 *fill*         0x2000000a        0x2 
 .data.g_ul_lcd_x_length
                0x2000000c        0x4 src/ASF/sam/components/display/ili93xx/ili93xx.o
 .data.g_ul_lcd_y_length
                0x20000010        0x4 src/ASF/sam/components/display/ili93xx/ili93xx.o
 .data.SystemCoreClock
                0x20000014        0x4 src/ASF/sam/utils/cmsis/sam4s/source/templates/system_sam4s.o
                0x20000014                SystemCoreClock
 .data.usart_options.8711
                0x20000018       0x10 src/main.o
 .data._impure_ptr
                0x20000028        0x4 c:/program files (x86)/atmel/studio/7.0/toolchain/arm/arm-gnu-toolchain/bin/../lib/gcc/arm-none-eabi/6.3.1/../../../../arm-none-eabi/lib/thumb/v7e-m\libc.a(lib_a-impure.o)
                0x20000028                _impure_ptr
 *fill*         0x2000002c        0x4 
 .data.impure_data
                0x20000030      0x428 c:/program files (x86)/atmel/studio/7.0/toolchain/arm/arm-gnu-toolchain/bin/../lib/gcc/arm-none-eabi/6.3.1/../../../../arm-none-eabi/lib/thumb/v7e-m\libc.a(lib_a-impure.o)
 .data.__atexit_recursive_mutex
                0x20000458        0x4 c:/program files (x86)/atmel/studio/7.0/toolchain/arm/arm-gnu-toolchain/bin/../lib/gcc/arm-none-eabi/6.3.1/../../../../arm-none-eabi/lib/thumb/v7e-m\libc.a(lib_a-__call_atexit.o)
                0x20000458                __atexit_recursive_mutex
 .data.__global_locale
                0x2000045c      0x16c c:/program files (x86)/atmel/studio/7.0/toolchain/arm/arm-gnu-toolchain/bin/../lib/gcc/arm-none-eabi/6.3.1/../../../../arm-none-eabi/lib/thumb/v7e-m\libc.a(lib_a-locale.o)
                0x2000045c                __global_locale
 .data.__malloc_av_
                0x200005c8      0x408 c:/program files (x86)/atmel/studio/7.0/toolchain/arm/arm-gnu-toolchain/bin/../lib/gcc/arm-none-eabi/6.3.1/../../../../arm-none-eabi/lib/thumb/v7e-m\libc.a(lib_a-mallocr.o)
                0x200005c8                __malloc_av_
 .data.__malloc_sbrk_base
                0x200009d0        0x4 c:/program files (x86)/atmel/studio/7.0/toolchain/arm/arm-gnu-toolchain/bin/../lib/gcc/arm-none-eabi/6.3.1/../../../../arm-none-eabi/lib/thumb/v7e-m\libc.a(lib_a-mallocr.o)
                0x200009d0                __malloc_sbrk_base
 .data.__malloc_trim_threshold
                0x200009d4        0x4 c:/program files (x86)/atmel/studio/7.0/toolchain/arm/arm-gnu-toolchain/bin/../lib/gcc/arm-none-eabi/6.3.1/../../../../arm-none-eabi/lib/thumb/v7e-m\libc.a(lib_a-mallocr.o)
                0x200009d4                __malloc_trim_threshold
                0x200009d8                . = ALIGN (0x4)
                0x200009d8                _erelocate = .

.bss            0x200009d8      0x4d8 load address 0x00407e0c
                0x200009d8                . = ALIGN (0x4)
                0x200009d8                _sbss = .
                0x200009d8                _szero = .
 *(.bss .bss.*)
 .bss           0x200009d8       0x1c c:/program files (x86)/atmel/studio/7.0/toolchain/arm/arm-gnu-toolchain/bin/../lib/gcc/arm-none-eabi/6.3.1/thumb/v7e-m/crtbegin.o
 .bss.g_uc_device_type
                0x200009f4        0x1 src/ASF/sam/components/display/ili93xx/ili93xx.o
 *fill*         0x200009f5        0x3 
 .bss.g_ul_pixel_cache
                0x200009f8      0x3c0 src/ASF/sam/components/display/ili93xx/ili93xx.o
 .bss.gs_interrupt_sources
                0x20000db8       0x70 src/ASF/sam/drivers/pio/pio_handler.o
 .bss.pio_capture_handler
                0x20000e28        0x4 src/ASF/sam/drivers/pio/pio_handler.o
 .bss.heap.5297
                0x20000e2c        0x4 src/ASF/sam/utils/syscalls/gcc/syscalls.o
 .bss.__malloc_current_mallinfo
                0x20000e30       0x28 c:/program files (x86)/atmel/studio/7.0/toolchain/arm/arm-gnu-toolchain/bin/../lib/gcc/arm-none-eabi/6.3.1/../../../../arm-none-eabi/lib/thumb/v7e-m\libc.a(lib_a-mallocr.o)
                0x20000e30                __malloc_current_mallinfo
 .bss.__malloc_max_sbrked_mem
                0x20000e58        0x4 c:/program files (x86)/atmel/studio/7.0/toolchain/arm/arm-gnu-toolchain/bin/../lib/gcc/arm-none-eabi/6.3.1/../../../../arm-none-eabi/lib/thumb/v7e-m\libc.a(lib_a-mallocr.o)
                0x20000e58                __malloc_max_sbrked_mem
 .bss.__malloc_max_total_mem
                0x20000e5c        0x4 c:/program files (x86)/atmel/studio/7.0/toolchain/arm/arm-gnu-toolchain/bin/../lib/gcc/arm-none-eabi/6.3.1/../../../../arm-none-eabi/lib/thumb/v7e-m\libc.a(lib_a-mallocr.o)
                0x20000e5c                __malloc_max_total_mem
 .bss.__malloc_top_pad
                0x20000e60        0x4 c:/program files (x86)/atmel/studio/7.0/toolchain/arm/arm-gnu-toolchain/bin/../lib/gcc/arm-none-eabi/6.3.1/../../../../arm-none-eabi/lib/thumb/v7e-m\libc.a(lib_a-mallocr.o)
                0x20000e60                __malloc_top_pad
 *(COMMON)
 COMMON         0x20000e64        0x4 src/ASF/common/utils/stdio/read.o
                0x20000e64                ptr_get
 COMMON         0x20000e68        0x8 src/ASF/common/utils/stdio/write.o
                0x20000e68                ptr_put
                0x20000e6c                stdio_base
 COMMON         0x20000e70        0x4 src/ASF/sam/drivers/pio/pio.o
                0x20000e70                pio_capture_enable_flag
 COMMON         0x20000e74       0x14 src/main.o
                0x20000e74                valor
                0x20000e78                g_ili93xx_display_opt
 COMMON         0x20000e88       0x21 c:/program files (x86)/atmel/studio/7.0/toolchain/arm/arm-gnu-toolchain/bin/../lib/gcc/arm-none-eabi/6.3.1/../../../../arm-none-eabi/lib/thumb/v7e-m\libc.a(lib_a-lock.o)
                0x20000e88                __lock___atexit_recursive_mutex
                0x20000e8c                __lock___arc4random_mutex
                0x20000e90                __lock___env_recursive_mutex
                0x20000e94                __lock___sinit_recursive_mutex
                0x20000e98                __lock___malloc_recursive_mutex
                0x20000e9c                __lock___at_quick_exit_mutex
                0x20000ea0                __lock___dd_hash_mutex
                0x20000ea4                __lock___tz_mutex
                0x20000ea8                __lock___sfp_recursive_mutex
 *fill*         0x20000ea9        0x3 
 COMMON         0x20000eac        0x4 c:/program files (x86)/atmel/studio/7.0/toolchain/arm/arm-gnu-toolchain/bin/../lib/gcc/arm-none-eabi/6.3.1/../../../../arm-none-eabi/lib/thumb/v7e-m\libc.a(lib_a-reent.o)
                0x20000eac                errno
                0x20000eb0                . = ALIGN (0x4)
                0x20000eb0                _ebss = .
                0x20000eb0                _ezero = .

.stack          0x20000eb0     0x3000 load address 0x004082e4
                0x20000eb0                . = ALIGN (0x8)
                0x20000eb0                _sstack = .
                0x20003eb0                . = (. + __stack_size__)
 *fill*         0x20000eb0     0x3000 
                0x20003eb0                . = ALIGN (0x8)
                0x20003eb0                _estack = .
                0x20003eb0                . = ALIGN (0x4)
                0x20003eb0                _end = .
OUTPUT(Exemplo-Bot-ADC.elf elf32-littlearm)

.ARM.attributes
                0x00000000       0x2a
 .ARM.attributes
                0x00000000       0x1e c:/program files (x86)/atmel/studio/7.0/toolchain/arm/arm-gnu-toolchain/bin/../lib/gcc/arm-none-eabi/6.3.1/thumb/v7e-m/crti.o
 .ARM.attributes
                0x0000001e       0x2e c:/program files (x86)/atmel/studio/7.0/toolchain/arm/arm-gnu-toolchain/bin/../lib/gcc/arm-none-eabi/6.3.1/thumb/v7e-m/crtbegin.o
 .ARM.attributes
                0x0000004c       0x33 src/ASF/common/services/delay/sam/cycle_counter.o
 .ARM.attributes
                0x0000007f       0x33 src/ASF/common/utils/stdio/read.o
 .ARM.attributes
                0x000000b2       0x33 src/ASF/sam/components/display/aat31xx/aat31xx.o
 .ARM.attributes
                0x000000e5       0x33 src/ASF/sam/drivers/ebi/smc/smc.o
 .ARM.attributes
                0x00000118       0x33 src/ASF/sam/components/display/ili93xx/ili93xx.o
 .ARM.attributes
                0x0000014b       0x33 src/ASF/sam/drivers/adc/adc.o
 .ARM.attributes
                0x0000017e       0x33 src/ASF/sam/drivers/tc/tc.o
 .ARM.attributes
                0x000001b1       0x33 src/ASF/sam/drivers/usart/usart.o
 .ARM.attributes
                0x000001e4       0x33 src/ASF/common/utils/stdio/write.o
 .ARM.attributes
                0x00000217       0x33 src/ASF/sam/drivers/uart/uart.o
 .ARM.attributes
                0x0000024a       0x33 src/ASF/common/services/clock/sam4s/sysclk.o
 .ARM.attributes
                0x0000027d       0x33 src/ASF/sam/boards/sam4s_ek2/init.o
 .ARM.attributes
                0x000002b0       0x33 src/ASF/sam/drivers/pio/pio.o
 .ARM.attributes
                0x000002e3       0x33 src/ASF/sam/drivers/pio/pio_handler.o
 .ARM.attributes
                0x00000316       0x33 src/ASF/sam/drivers/pmc/pmc.o
 .ARM.attributes
                0x00000349       0x33 src/ASF/sam/utils/cmsis/sam4s/source/templates/gcc/startup_sam4s.o
 .ARM.attributes
                0x0000037c       0x33 src/ASF/sam/utils/cmsis/sam4s/source/templates/system_sam4s.o
 .ARM.attributes
                0x000003af       0x33 src/ASF/sam/utils/syscalls/gcc/syscalls.o
 .ARM.attributes
                0x000003e2       0x33 src/main.o
 .ARM.attributes
                0x00000415       0x2e c:/program files (x86)/atmel/studio/7.0/toolchain/arm/arm-gnu-toolchain/bin/../lib/gcc/arm-none-eabi/6.3.1/../../../../arm-none-eabi/lib/thumb/v7e-m\libc.a(lib_a-impure.o)
 .ARM.attributes
                0x00000443       0x2e c:/program files (x86)/atmel/studio/7.0/toolchain/arm/arm-gnu-toolchain/bin/../lib/gcc/arm-none-eabi/6.3.1/../../../../arm-none-eabi/lib/thumb/v7e-m\libc.a(lib_a-init.o)
 .ARM.attributes
                0x00000471       0x2e c:/program files (x86)/atmel/studio/7.0/toolchain/arm/arm-gnu-toolchain/bin/../lib/gcc/arm-none-eabi/6.3.1/../../../../arm-none-eabi/lib/thumb/v7e-m\libc.a(lib_a-memset.o)
 .ARM.attributes
                0x0000049f       0x2e c:/program files (x86)/atmel/studio/7.0/toolchain/arm/arm-gnu-toolchain/bin/../lib/gcc/arm-none-eabi/6.3.1/../../../../arm-none-eabi/lib/thumb/v7e-m\libc.a(lib_a-setbuf.o)
 .ARM.attributes
                0x000004cd       0x2e c:/program files (x86)/atmel/studio/7.0/toolchain/arm/arm-gnu-toolchain/bin/../lib/gcc/arm-none-eabi/6.3.1/../../../../arm-none-eabi/lib/thumb/v7e-m\libc.a(lib_a-setvbuf.o)
 .ARM.attributes
                0x000004fb       0x2e c:/program files (x86)/atmel/studio/7.0/toolchain/arm/arm-gnu-toolchain/bin/../lib/gcc/arm-none-eabi/6.3.1/../../../../arm-none-eabi/lib/thumb/v7e-m\libc.a(lib_a-sprintf.o)
 .ARM.attributes
                0x00000529       0x1c c:/program files (x86)/atmel/studio/7.0/toolchain/arm/arm-gnu-toolchain/bin/../lib/gcc/arm-none-eabi/6.3.1/../../../../arm-none-eabi/lib/thumb/v7e-m\libc.a(lib_a-strlen.o)
 .ARM.attributes
                0x00000545       0x2e c:/program files (x86)/atmel/studio/7.0/toolchain/arm/arm-gnu-toolchain/bin/../lib/gcc/arm-none-eabi/6.3.1/../../../../arm-none-eabi/lib/thumb/v7e-m\libc.a(lib_a-svfprintf.o)
 .ARM.attributes
                0x00000573       0x2e c:/program files (x86)/atmel/studio/7.0/toolchain/arm/arm-gnu-toolchain/bin/../lib/gcc/arm-none-eabi/6.3.1/../../../../arm-none-eabi/lib/thumb/v7e-m\libc.a(lib_a-__call_atexit.o)
 .ARM.attributes
                0x000005a1       0x2e c:/program files (x86)/atmel/studio/7.0/toolchain/arm/arm-gnu-toolchain/bin/../lib/gcc/arm-none-eabi/6.3.1/../../../../arm-none-eabi/lib/thumb/v7e-m\libc.a(lib_a-atexit.o)
 .ARM.attributes
                0x000005cf       0x2e c:/program files (x86)/atmel/studio/7.0/toolchain/arm/arm-gnu-toolchain/bin/../lib/gcc/arm-none-eabi/6.3.1/../../../../arm-none-eabi/lib/thumb/v7e-m\libc.a(lib_a-dtoa.o)
 .ARM.attributes
                0x000005fd       0x2e c:/program files (x86)/atmel/studio/7.0/toolchain/arm/arm-gnu-toolchain/bin/../lib/gcc/arm-none-eabi/6.3.1/../../../../arm-none-eabi/lib/thumb/v7e-m\libc.a(lib_a-fflush.o)
 .ARM.attributes
                0x0000062b       0x2e c:/program files (x86)/atmel/studio/7.0/toolchain/arm/arm-gnu-toolchain/bin/../lib/gcc/arm-none-eabi/6.3.1/../../../../arm-none-eabi/lib/thumb/v7e-m\libc.a(lib_a-findfp.o)
 .ARM.attributes
                0x00000659       0x2e c:/program files (x86)/atmel/studio/7.0/toolchain/arm/arm-gnu-toolchain/bin/../lib/gcc/arm-none-eabi/6.3.1/../../../../arm-none-eabi/lib/thumb/v7e-m\libc.a(lib_a-fini.o)
 .ARM.attributes
                0x00000687       0x2e c:/program files (x86)/atmel/studio/7.0/toolchain/arm/arm-gnu-toolchain/bin/../lib/gcc/arm-none-eabi/6.3.1/../../../../arm-none-eabi/lib/thumb/v7e-m\libc.a(lib_a-freer.o)
 .ARM.attributes
                0x000006b5       0x2e c:/program files (x86)/atmel/studio/7.0/toolchain/arm/arm-gnu-toolchain/bin/../lib/gcc/arm-none-eabi/6.3.1/../../../../arm-none-eabi/lib/thumb/v7e-m\libc.a(lib_a-fwalk.o)
 .ARM.attributes
                0x000006e3       0x2e c:/program files (x86)/atmel/studio/7.0/toolchain/arm/arm-gnu-toolchain/bin/../lib/gcc/arm-none-eabi/6.3.1/../../../../arm-none-eabi/lib/thumb/v7e-m\libc.a(lib_a-locale.o)
 .ARM.attributes
                0x00000711       0x2e c:/program files (x86)/atmel/studio/7.0/toolchain/arm/arm-gnu-toolchain/bin/../lib/gcc/arm-none-eabi/6.3.1/../../../../arm-none-eabi/lib/thumb/v7e-m\libc.a(lib_a-localeconv.o)
 .ARM.attributes
                0x0000073f       0x2e c:/program files (x86)/atmel/studio/7.0/toolchain/arm/arm-gnu-toolchain/bin/../lib/gcc/arm-none-eabi/6.3.1/../../../../arm-none-eabi/lib/thumb/v7e-m\libc.a(lib_a-lock.o)
 .ARM.attributes
                0x0000076d       0x2e c:/program files (x86)/atmel/studio/7.0/toolchain/arm/arm-gnu-toolchain/bin/../lib/gcc/arm-none-eabi/6.3.1/../../../../arm-none-eabi/lib/thumb/v7e-m\libc.a(lib_a-makebuf.o)
 .ARM.attributes
                0x0000079b       0x2e c:/program files (x86)/atmel/studio/7.0/toolchain/arm/arm-gnu-toolchain/bin/../lib/gcc/arm-none-eabi/6.3.1/../../../../arm-none-eabi/lib/thumb/v7e-m\libc.a(lib_a-malloc.o)
 .ARM.attributes
                0x000007c9       0x2e c:/program files (x86)/atmel/studio/7.0/toolchain/arm/arm-gnu-toolchain/bin/../lib/gcc/arm-none-eabi/6.3.1/../../../../arm-none-eabi/lib/thumb/v7e-m\libc.a(lib_a-mallocr.o)
 .ARM.attributes
                0x000007f7       0x2e c:/program files (x86)/atmel/studio/7.0/toolchain/arm/arm-gnu-toolchain/bin/../lib/gcc/arm-none-eabi/6.3.1/../../../../arm-none-eabi/lib/thumb/v7e-m\libc.a(lib_a-mbtowc_r.o)
 .ARM.attributes
                0x00000825       0x1c c:/program files (x86)/atmel/studio/7.0/toolchain/arm/arm-gnu-toolchain/bin/../lib/gcc/arm-none-eabi/6.3.1/../../../../arm-none-eabi/lib/thumb/v7e-m\libc.a(lib_a-memchr.o)
 .ARM.attributes
                0x00000841       0x1c c:/program files (x86)/atmel/studio/7.0/toolchain/arm/arm-gnu-toolchain/bin/../lib/gcc/arm-none-eabi/6.3.1/../../../../arm-none-eabi/lib/thumb/v7e-m\libc.a(lib_a-memcpy.o)
 .ARM.attributes
                0x0000085d       0x2e c:/program files (x86)/atmel/studio/7.0/toolchain/arm/arm-gnu-toolchain/bin/../lib/gcc/arm-none-eabi/6.3.1/../../../../arm-none-eabi/lib/thumb/v7e-m\libc.a(lib_a-memmove.o)
 .ARM.attributes
                0x0000088b       0x2e c:/program files (x86)/atmel/studio/7.0/toolchain/arm/arm-gnu-toolchain/bin/../lib/gcc/arm-none-eabi/6.3.1/../../../../arm-none-eabi/lib/thumb/v7e-m\libc.a(lib_a-mlock.o)
 .ARM.attributes
                0x000008b9       0x2e c:/program files (x86)/atmel/studio/7.0/toolchain/arm/arm-gnu-toolchain/bin/../lib/gcc/arm-none-eabi/6.3.1/../../../../arm-none-eabi/lib/thumb/v7e-m\libc.a(lib_a-mprec.o)
 .ARM.attributes
                0x000008e7       0x2e c:/program files (x86)/atmel/studio/7.0/toolchain/arm/arm-gnu-toolchain/bin/../lib/gcc/arm-none-eabi/6.3.1/../../../../arm-none-eabi/lib/thumb/v7e-m\libc.a(lib_a-reallocr.o)
 .ARM.attributes
                0x00000915       0x2e c:/program files (x86)/atmel/studio/7.0/toolchain/arm/arm-gnu-toolchain/bin/../lib/gcc/arm-none-eabi/6.3.1/../../../../arm-none-eabi/lib/thumb/v7e-m\libc.a(lib_a-sbrkr.o)
 .ARM.attributes
                0x00000943       0x2e c:/program files (x86)/atmel/studio/7.0/toolchain/arm/arm-gnu-toolchain/bin/../lib/gcc/arm-none-eabi/6.3.1/../../../../arm-none-eabi/lib/thumb/v7e-m\libc.a(lib_a-stdio.o)
 .ARM.attributes
                0x00000971       0x2e c:/program files (x86)/atmel/studio/7.0/toolchain/arm/arm-gnu-toolchain/bin/../lib/gcc/arm-none-eabi/6.3.1/../../../../arm-none-eabi/lib/thumb/v7e-m\libc.a(lib_a-svfiprintf.o)
 .ARM.attributes
                0x0000099f       0x2e c:/program files (x86)/atmel/studio/7.0/toolchain/arm/arm-gnu-toolchain/bin/../lib/gcc/arm-none-eabi/6.3.1/../../../../arm-none-eabi/lib/thumb/v7e-m\libc.a(lib_a-wctomb_r.o)
 .ARM.attributes
                0x000009cd       0x2e c:/program files (x86)/atmel/studio/7.0/toolchain/arm/arm-gnu-toolchain/bin/../lib/gcc/arm-none-eabi/6.3.1/../../../../arm-none-eabi/lib/thumb/v7e-m\libc.a(lib_a-writer.o)
 .ARM.attributes
                0x000009fb       0x2e c:/program files (x86)/atmel/studio/7.0/toolchain/arm/arm-gnu-toolchain/bin/../lib/gcc/arm-none-eabi/6.3.1/../../../../arm-none-eabi/lib/thumb/v7e-m\libc.a(lib_a-__atexit.o)
 .ARM.attributes
                0x00000a29       0x2e c:/program files (x86)/atmel/studio/7.0/toolchain/arm/arm-gnu-toolchain/bin/../lib/gcc/arm-none-eabi/6.3.1/../../../../arm-none-eabi/lib/thumb/v7e-m\libc.a(lib_a-callocr.o)
 .ARM.attributes
                0x00000a57       0x2e c:/program files (x86)/atmel/studio/7.0/toolchain/arm/arm-gnu-toolchain/bin/../lib/gcc/arm-none-eabi/6.3.1/../../../../arm-none-eabi/lib/thumb/v7e-m\libc.a(lib_a-closer.o)
 .ARM.attributes
                0x00000a85       0x2e c:/program files (x86)/atmel/studio/7.0/toolchain/arm/arm-gnu-toolchain/bin/../lib/gcc/arm-none-eabi/6.3.1/../../../../arm-none-eabi/lib/thumb/v7e-m\libc.a(lib_a-ctype_.o)
 .ARM.attributes
                0x00000ab3       0x2e c:/program files (x86)/atmel/studio/7.0/toolchain/arm/arm-gnu-toolchain/bin/../lib/gcc/arm-none-eabi/6.3.1/../../../../arm-none-eabi/lib/thumb/v7e-m\libc.a(lib_a-fclose.o)
 .ARM.attributes
                0x00000ae1       0x2e c:/program files (x86)/atmel/studio/7.0/toolchain/arm/arm-gnu-toolchain/bin/../lib/gcc/arm-none-eabi/6.3.1/../../../../arm-none-eabi/lib/thumb/v7e-m\libc.a(lib_a-fstatr.o)
 .ARM.attributes
                0x00000b0f       0x2e c:/program files (x86)/atmel/studio/7.0/toolchain/arm/arm-gnu-toolchain/bin/../lib/gcc/arm-none-eabi/6.3.1/../../../../arm-none-eabi/lib/thumb/v7e-m\libc.a(lib_a-lseekr.o)
 .ARM.attributes
                0x00000b3d       0x2e c:/program files (x86)/atmel/studio/7.0/toolchain/arm/arm-gnu-toolchain/bin/../lib/gcc/arm-none-eabi/6.3.1/../../../../arm-none-eabi/lib/thumb/v7e-m\libc.a(lib_a-readr.o)
 .ARM.attributes
                0x00000b6b       0x2e c:/program files (x86)/atmel/studio/7.0/toolchain/arm/arm-gnu-toolchain/bin/../lib/gcc/arm-none-eabi/6.3.1/../../../../arm-none-eabi/lib/thumb/v7e-m\libc.a(lib_a-reent.o)
 .ARM.attributes
                0x00000b99       0x1e c:/program files (x86)/atmel/studio/7.0/toolchain/arm/arm-gnu-toolchain/bin/../lib/gcc/arm-none-eabi/6.3.1/thumb/v7e-m\libgcc.a(_arm_addsubdf3.o)
 .ARM.attributes
                0x00000bb7       0x1e c:/program files (x86)/atmel/studio/7.0/toolchain/arm/arm-gnu-toolchain/bin/../lib/gcc/arm-none-eabi/6.3.1/thumb/v7e-m\libgcc.a(_arm_muldivdf3.o)
 .ARM.attributes
                0x00000bd5       0x1e c:/program files (x86)/atmel/studio/7.0/toolchain/arm/arm-gnu-toolchain/bin/../lib/gcc/arm-none-eabi/6.3.1/thumb/v7e-m\libgcc.a(_arm_cmpdf2.o)
 .ARM.attributes
                0x00000bf3       0x1e c:/program files (x86)/atmel/studio/7.0/toolchain/arm/arm-gnu-toolchain/bin/../lib/gcc/arm-none-eabi/6.3.1/thumb/v7e-m\libgcc.a(_arm_unorddf2.o)
 .ARM.attributes
                0x00000c11       0x1e c:/program files (x86)/atmel/studio/7.0/toolchain/arm/arm-gnu-toolchain/bin/../lib/gcc/arm-none-eabi/6.3.1/thumb/v7e-m\libgcc.a(_arm_fixdfsi.o)
 .ARM.attributes
                0x00000c2f       0x1e c:/program files (x86)/atmel/studio/7.0/toolchain/arm/arm-gnu-toolchain/bin/../lib/gcc/arm-none-eabi/6.3.1/thumb/v7e-m\libgcc.a(_aeabi_uldivmod.o)
 .ARM.attributes
                0x00000c4d       0x2e c:/program files (x86)/atmel/studio/7.0/toolchain/arm/arm-gnu-toolchain/bin/../lib/gcc/arm-none-eabi/6.3.1/thumb/v7e-m\libgcc.a(_udivmoddi4.o)
 .ARM.attributes
                0x00000c7b       0x1e c:/program files (x86)/atmel/studio/7.0/toolchain/arm/arm-gnu-toolchain/bin/../lib/gcc/arm-none-eabi/6.3.1/thumb/v7e-m\libgcc.a(_dvmd_tls.o)
 .ARM.attributes
                0x00000c99       0x1e c:/program files (x86)/atmel/studio/7.0/toolchain/arm/arm-gnu-toolchain/bin/../lib/gcc/arm-none-eabi/6.3.1/thumb/v7e-m/crtn.o

.comment        0x00000000       0x59
 .comment       0x00000000       0x59 src/ASF/common/services/delay/sam/cycle_counter.o
                                 0x5a (size before relaxing)
 .comment       0x00000059       0x5a src/ASF/common/utils/stdio/read.o
 .comment       0x00000059       0x5a src/ASF/sam/components/display/aat31xx/aat31xx.o
 .comment       0x00000059       0x5a src/ASF/sam/drivers/ebi/smc/smc.o
 .comment       0x00000059       0x5a src/ASF/sam/components/display/ili93xx/ili93xx.o
 .comment       0x00000059       0x5a src/ASF/sam/drivers/adc/adc.o
 .comment       0x00000059       0x5a src/ASF/sam/drivers/tc/tc.o
 .comment       0x00000059       0x5a src/ASF/sam/drivers/usart/usart.o
 .comment       0x00000059       0x5a src/ASF/common/utils/stdio/write.o
 .comment       0x00000059       0x5a src/ASF/sam/drivers/uart/uart.o
 .comment       0x00000059       0x5a src/ASF/common/services/clock/sam4s/sysclk.o
 .comment       0x00000059       0x5a src/ASF/sam/boards/sam4s_ek2/init.o
 .comment       0x00000059       0x5a src/ASF/sam/drivers/pio/pio.o
 .comment       0x00000059       0x5a src/ASF/sam/drivers/pio/pio_handler.o
 .comment       0x00000059       0x5a src/ASF/sam/drivers/pmc/pmc.o
 .comment       0x00000059       0x5a src/ASF/sam/utils/cmsis/sam4s/source/templates/gcc/startup_sam4s.o
 .comment       0x00000059       0x5a src/ASF/sam/utils/cmsis/sam4s/source/templates/system_sam4s.o
 .comment       0x00000059       0x5a src/ASF/sam/utils/syscalls/gcc/syscalls.o
 .comment       0x00000059       0x5a src/main.o

.debug_info     0x00000000    0x1911a
 .debug_info    0x00000000      0xa45 src/ASF/common/services/delay/sam/cycle_counter.o
 .debug_info    0x00000a45      0xac9 src/ASF/common/utils/stdio/read.o
 .debug_info    0x0000150e     0x11b8 src/ASF/sam/components/display/aat31xx/aat31xx.o
 .debug_info    0x000026c6      0xcee src/ASF/sam/drivers/ebi/smc/smc.o
 .debug_info    0x000033b4     0x343e src/ASF/sam/components/display/ili93xx/ili93xx.o
 .debug_info    0x000067f2     0x1b44 src/ASF/sam/drivers/adc/adc.o
 .debug_info    0x00008336     0x123f src/ASF/sam/drivers/tc/tc.o
 .debug_info    0x00009575     0x2060 src/ASF/sam/drivers/usart/usart.o
 .debug_info    0x0000b5d5      0xac6 src/ASF/common/utils/stdio/write.o
 .debug_info    0x0000c09b     0x1178 src/ASF/sam/drivers/uart/uart.o
 .debug_info    0x0000d213     0x10fa src/ASF/common/services/clock/sam4s/sysclk.o
 .debug_info    0x0000e30d     0x1472 src/ASF/sam/boards/sam4s_ek2/init.o
 .debug_info    0x0000f77f     0x221d src/ASF/sam/drivers/pio/pio.o
 .debug_info    0x0001199c     0x18e2 src/ASF/sam/drivers/pio/pio_handler.o
 .debug_info    0x0001327e     0x19e5 src/ASF/sam/drivers/pmc/pmc.o
 .debug_info    0x00014c63      0x6eb src/ASF/sam/utils/cmsis/sam4s/source/templates/gcc/startup_sam4s.o
 .debug_info    0x0001534e      0x458 src/ASF/sam/utils/cmsis/sam4s/source/templates/system_sam4s.o
 .debug_info    0x000157a6      0xdb0 src/ASF/sam/utils/syscalls/gcc/syscalls.o
 .debug_info    0x00016556     0x2bc4 src/main.o

.debug_abbrev   0x00000000     0x3430
 .debug_abbrev  0x00000000      0x1b3 src/ASF/common/services/delay/sam/cycle_counter.o
 .debug_abbrev  0x000001b3      0x1fe src/ASF/common/utils/stdio/read.o
 .debug_abbrev  0x000003b1      0x2cc src/ASF/sam/components/display/aat31xx/aat31xx.o
 .debug_abbrev  0x0000067d      0x205 src/ASF/sam/drivers/ebi/smc/smc.o
 .debug_abbrev  0x00000882      0x447 src/ASF/sam/components/display/ili93xx/ili93xx.o
 .debug_abbrev  0x00000cc9      0x337 src/ASF/sam/drivers/adc/adc.o
 .debug_abbrev  0x00001000      0x293 src/ASF/sam/drivers/tc/tc.o
 .debug_abbrev  0x00001293      0x406 src/ASF/sam/drivers/usart/usart.o
 .debug_abbrev  0x00001699      0x1e9 src/ASF/common/utils/stdio/write.o
 .debug_abbrev  0x00001882      0x288 src/ASF/sam/drivers/uart/uart.o
 .debug_abbrev  0x00001b0a      0x311 src/ASF/common/services/clock/sam4s/sysclk.o
 .debug_abbrev  0x00001e1b      0x26f src/ASF/sam/boards/sam4s_ek2/init.o
 .debug_abbrev  0x0000208a      0x3ff src/ASF/sam/drivers/pio/pio.o
 .debug_abbrev  0x00002489      0x368 src/ASF/sam/drivers/pio/pio_handler.o
 .debug_abbrev  0x000027f1      0x315 src/ASF/sam/drivers/pmc/pmc.o
 .debug_abbrev  0x00002b06      0x17c src/ASF/sam/utils/cmsis/sam4s/source/templates/gcc/startup_sam4s.o
 .debug_abbrev  0x00002c82      0x102 src/ASF/sam/utils/cmsis/sam4s/source/templates/system_sam4s.o
 .debug_abbrev  0x00002d84      0x264 src/ASF/sam/utils/syscalls/gcc/syscalls.o
 .debug_abbrev  0x00002fe8      0x448 src/main.o

.debug_aranges  0x00000000      0xd08
 .debug_aranges
                0x00000000       0x20 src/ASF/common/services/delay/sam/cycle_counter.o
 .debug_aranges
                0x00000020       0x20 src/ASF/common/utils/stdio/read.o
 .debug_aranges
                0x00000040       0x28 src/ASF/sam/components/display/aat31xx/aat31xx.o
 .debug_aranges
                0x00000068       0x50 src/ASF/sam/drivers/ebi/smc/smc.o
 .debug_aranges
                0x000000b8      0x170 src/ASF/sam/components/display/ili93xx/ili93xx.o
 .debug_aranges
                0x00000228      0x188 src/ASF/sam/drivers/adc/adc.o
 .debug_aranges
                0x000003b0       0xd0 src/ASF/sam/drivers/tc/tc.o
 .debug_aranges
                0x00000480      0x210 src/ASF/sam/drivers/usart/usart.o
 .debug_aranges
                0x00000690       0x20 src/ASF/common/utils/stdio/write.o
 .debug_aranges
                0x000006b0       0xe8 src/ASF/sam/drivers/uart/uart.o
 .debug_aranges
                0x00000798       0x30 src/ASF/common/services/clock/sam4s/sysclk.o
 .debug_aranges
                0x000007c8       0x20 src/ASF/sam/boards/sam4s_ek2/init.o
 .debug_aranges
                0x000007e8      0x1a8 src/ASF/sam/drivers/pio/pio.o
 .debug_aranges
                0x00000990       0x58 src/ASF/sam/drivers/pio/pio_handler.o
 .debug_aranges
                0x000009e8      0x208 src/ASF/sam/drivers/pmc/pmc.o
 .debug_aranges
                0x00000bf0       0x28 src/ASF/sam/utils/cmsis/sam4s/source/templates/gcc/startup_sam4s.o
 .debug_aranges
                0x00000c18       0x30 src/ASF/sam/utils/cmsis/sam4s/source/templates/system_sam4s.o
 .debug_aranges
                0x00000c48       0x60 src/ASF/sam/utils/syscalls/gcc/syscalls.o
 .debug_aranges
                0x00000ca8       0x60 src/main.o

.debug_ranges   0x00000000      0xd10
 .debug_ranges  0x00000000       0x10 src/ASF/common/services/delay/sam/cycle_counter.o
 .debug_ranges  0x00000010       0x10 src/ASF/common/utils/stdio/read.o
 .debug_ranges  0x00000020       0x30 src/ASF/sam/components/display/aat31xx/aat31xx.o
 .debug_ranges  0x00000050       0x40 src/ASF/sam/drivers/ebi/smc/smc.o
 .debug_ranges  0x00000090      0x250 src/ASF/sam/components/display/ili93xx/ili93xx.o
 .debug_ranges  0x000002e0      0x178 src/ASF/sam/drivers/adc/adc.o
 .debug_ranges  0x00000458       0xc0 src/ASF/sam/drivers/tc/tc.o
 .debug_ranges  0x00000518      0x200 src/ASF/sam/drivers/usart/usart.o
 .debug_ranges  0x00000718       0x10 src/ASF/common/utils/stdio/write.o
 .debug_ranges  0x00000728       0xd8 src/ASF/sam/drivers/uart/uart.o
 .debug_ranges  0x00000800       0x20 src/ASF/common/services/clock/sam4s/sysclk.o
 .debug_ranges  0x00000820       0x10 src/ASF/sam/boards/sam4s_ek2/init.o
 .debug_ranges  0x00000830      0x1b0 src/ASF/sam/drivers/pio/pio.o
 .debug_ranges  0x000009e0       0x60 src/ASF/sam/drivers/pio/pio_handler.o
 .debug_ranges  0x00000a40      0x1f8 src/ASF/sam/drivers/pmc/pmc.o
 .debug_ranges  0x00000c38       0x18 src/ASF/sam/utils/cmsis/sam4s/source/templates/gcc/startup_sam4s.o
 .debug_ranges  0x00000c50       0x20 src/ASF/sam/utils/cmsis/sam4s/source/templates/system_sam4s.o
 .debug_ranges  0x00000c70       0x50 src/ASF/sam/utils/syscalls/gcc/syscalls.o
 .debug_ranges  0x00000cc0       0x50 src/main.o

.debug_macro    0x00000000    0x16566
 .debug_macro   0x00000000      0x533 src/ASF/common/services/delay/sam/cycle_counter.o
 .debug_macro   0x00000533      0x8ce src/ASF/common/services/delay/sam/cycle_counter.o
 .debug_macro   0x00000e01      0x16d src/ASF/common/services/delay/sam/cycle_counter.o
 .debug_macro   0x00000f6e      0x652 src/ASF/common/services/delay/sam/cycle_counter.o
 .debug_macro   0x000015c0       0x76 src/ASF/common/services/delay/sam/cycle_counter.o
 .debug_macro   0x00001636       0x16 src/ASF/common/services/delay/sam/cycle_counter.o
 .debug_macro   0x0000164c      0x6e4 src/ASF/common/services/delay/sam/cycle_counter.o
 .debug_macro   0x00001d30       0x22 src/ASF/common/services/delay/sam/cycle_counter.o
 .debug_macro   0x00001d52       0x87 src/ASF/common/services/delay/sam/cycle_counter.o
 .debug_macro   0x00001dd9       0x51 src/ASF/common/services/delay/sam/cycle_counter.o
 .debug_macro   0x00001e2a       0xef src/ASF/common/services/delay/sam/cycle_counter.o
 .debug_macro   0x00001f19       0x6a src/ASF/common/services/delay/sam/cycle_counter.o
 .debug_macro   0x00001f83      0x1df src/ASF/common/services/delay/sam/cycle_counter.o
 .debug_macro   0x00002162       0x27 src/ASF/common/services/delay/sam/cycle_counter.o
 .debug_macro   0x00002189       0x3b src/ASF/common/services/delay/sam/cycle_counter.o
 .debug_macro   0x000021c4       0x2d src/ASF/common/services/delay/sam/cycle_counter.o
 .debug_macro   0x000021f1       0x26 src/ASF/common/services/delay/sam/cycle_counter.o
 .debug_macro   0x00002217      0xbbf src/ASF/common/services/delay/sam/cycle_counter.o
 .debug_macro   0x00002dd6      0x159 src/ASF/common/services/delay/sam/cycle_counter.o
 .debug_macro   0x00002f2f      0xaaf src/ASF/common/services/delay/sam/cycle_counter.o
 .debug_macro   0x000039de      0x284 src/ASF/common/services/delay/sam/cycle_counter.o
 .debug_macro   0x00003c62      0x11e src/ASF/common/services/delay/sam/cycle_counter.o
 .debug_macro   0x00003d80       0xac src/ASF/common/services/delay/sam/cycle_counter.o
 .debug_macro   0x00003e2c      0x401 src/ASF/common/services/delay/sam/cycle_counter.o
 .debug_macro   0x0000422d      0x106 src/ASF/common/services/delay/sam/cycle_counter.o
 .debug_macro   0x00004333       0x1c src/ASF/common/services/delay/sam/cycle_counter.o
 .debug_macro   0x0000434f      0x738 src/ASF/common/services/delay/sam/cycle_counter.o
 .debug_macro   0x00004a87      0x2d2 src/ASF/common/services/delay/sam/cycle_counter.o
 .debug_macro   0x00004d59       0xbe src/ASF/common/services/delay/sam/cycle_counter.o
 .debug_macro   0x00004e17     0x280b src/ASF/common/services/delay/sam/cycle_counter.o
 .debug_macro   0x00007622      0x777 src/ASF/common/services/delay/sam/cycle_counter.o
 .debug_macro   0x00007d99      0xa8e src/ASF/common/services/delay/sam/cycle_counter.o
 .debug_macro   0x00008827       0x9a src/ASF/common/services/delay/sam/cycle_counter.o
 .debug_macro   0x000088c1      0x3d8 src/ASF/common/services/delay/sam/cycle_counter.o
 .debug_macro   0x00008c99       0x64 src/ASF/common/services/delay/sam/cycle_counter.o
 .debug_macro   0x00008cfd      0x1ae src/ASF/common/services/delay/sam/cycle_counter.o
 .debug_macro   0x00008eab      0x386 src/ASF/common/services/delay/sam/cycle_counter.o
 .debug_macro   0x00009231      0x624 src/ASF/common/services/delay/sam/cycle_counter.o
 .debug_macro   0x00009855      0x690 src/ASF/common/services/delay/sam/cycle_counter.o
 .debug_macro   0x00009ee5      0x59f src/ASF/common/services/delay/sam/cycle_counter.o
 .debug_macro   0x0000a484      0x34d src/ASF/common/services/delay/sam/cycle_counter.o
 .debug_macro   0x0000a7d1      0x28c src/ASF/common/services/delay/sam/cycle_counter.o
 .debug_macro   0x0000aa5d      0x2d6 src/ASF/common/services/delay/sam/cycle_counter.o
 .debug_macro   0x0000ad33      0x6d9 src/ASF/common/services/delay/sam/cycle_counter.o
 .debug_macro   0x0000b40c       0x76 src/ASF/common/services/delay/sam/cycle_counter.o
 .debug_macro   0x0000b482       0xb8 src/ASF/common/services/delay/sam/cycle_counter.o
 .debug_macro   0x0000b53a       0xb2 src/ASF/common/services/delay/sam/cycle_counter.o
 .debug_macro   0x0000b5ec       0x88 src/ASF/common/services/delay/sam/cycle_counter.o
 .debug_macro   0x0000b674      0x105 src/ASF/common/services/delay/sam/cycle_counter.o
 .debug_macro   0x0000b779      0x105 src/ASF/common/services/delay/sam/cycle_counter.o
 .debug_macro   0x0000b87e       0x88 src/ASF/common/services/delay/sam/cycle_counter.o
 .debug_macro   0x0000b906       0x88 src/ASF/common/services/delay/sam/cycle_counter.o
 .debug_macro   0x0000b98e      0x2cd src/ASF/common/services/delay/sam/cycle_counter.o
 .debug_macro   0x0000bc5b       0xb2 src/ASF/common/services/delay/sam/cycle_counter.o
 .debug_macro   0x0000bd0d       0xb2 src/ASF/common/services/delay/sam/cycle_counter.o
 .debug_macro   0x0000bdbf       0x52 src/ASF/common/services/delay/sam/cycle_counter.o
 .debug_macro   0x0000be11       0xac src/ASF/common/services/delay/sam/cycle_counter.o
 .debug_macro   0x0000bebd       0x7c src/ASF/common/services/delay/sam/cycle_counter.o
 .debug_macro   0x0000bf39       0x40 src/ASF/common/services/delay/sam/cycle_counter.o
 .debug_macro   0x0000bf79       0x64 src/ASF/common/services/delay/sam/cycle_counter.o
 .debug_macro   0x0000bfdd       0x46 src/ASF/common/services/delay/sam/cycle_counter.o
 .debug_macro   0x0000c023       0x88 src/ASF/common/services/delay/sam/cycle_counter.o
 .debug_macro   0x0000c0ab       0x4c src/ASF/common/services/delay/sam/cycle_counter.o
 .debug_macro   0x0000c0f7       0xa6 src/ASF/common/services/delay/sam/cycle_counter.o
 .debug_macro   0x0000c19d       0x7c src/ASF/common/services/delay/sam/cycle_counter.o
 .debug_macro   0x0000c219       0x16 src/ASF/common/services/delay/sam/cycle_counter.o
 .debug_macro   0x0000c22f       0x7c src/ASF/common/services/delay/sam/cycle_counter.o
 .debug_macro   0x0000c2ab       0x22 src/ASF/common/services/delay/sam/cycle_counter.o
 .debug_macro   0x0000c2cd       0x22 src/ASF/common/services/delay/sam/cycle_counter.o
 .debug_macro   0x0000c2ef      0x195 src/ASF/common/services/delay/sam/cycle_counter.o
 .debug_macro   0x0000c484      0x165 src/ASF/common/services/delay/sam/cycle_counter.o
 .debug_macro   0x0000c5e9      0x165 src/ASF/common/services/delay/sam/cycle_counter.o
 .debug_macro   0x0000c74e       0x1c src/ASF/common/services/delay/sam/cycle_counter.o
 .debug_macro   0x0000c76a       0x2e src/ASF/common/services/delay/sam/cycle_counter.o
 .debug_macro   0x0000c798       0x22 src/ASF/common/services/delay/sam/cycle_counter.o
 .debug_macro   0x0000c7ba       0x1c src/ASF/common/services/delay/sam/cycle_counter.o
 .debug_macro   0x0000c7d6       0x52 src/ASF/common/services/delay/sam/cycle_counter.o
 .debug_macro   0x0000c828       0x10 src/ASF/common/services/delay/sam/cycle_counter.o
 .debug_macro   0x0000c838      0x234 src/ASF/common/services/delay/sam/cycle_counter.o
 .debug_macro   0x0000ca6c      0x938 src/ASF/common/services/delay/sam/cycle_counter.o
 .debug_macro   0x0000d3a4      0x12a src/ASF/common/services/delay/sam/cycle_counter.o
 .debug_macro   0x0000d4ce       0x58 src/ASF/common/services/delay/sam/cycle_counter.o
 .debug_macro   0x0000d526       0x35 src/ASF/common/services/delay/sam/cycle_counter.o
 .debug_macro   0x0000d55b       0x9c src/ASF/common/services/delay/sam/cycle_counter.o
 .debug_macro   0x0000d5f7       0x16 src/ASF/common/services/delay/sam/cycle_counter.o
 .debug_macro   0x0000d60d       0x35 src/ASF/common/services/delay/sam/cycle_counter.o
 .debug_macro   0x0000d642      0x353 src/ASF/common/services/delay/sam/cycle_counter.o
 .debug_macro   0x0000d995       0x10 src/ASF/common/services/delay/sam/cycle_counter.o
 .debug_macro   0x0000d9a5       0x58 src/ASF/common/services/delay/sam/cycle_counter.o
 .debug_macro   0x0000d9fd       0x1f src/ASF/common/services/delay/sam/cycle_counter.o
 .debug_macro   0x0000da1c       0x43 src/ASF/common/services/delay/sam/cycle_counter.o
 .debug_macro   0x0000da5f       0x20 src/ASF/common/services/delay/sam/cycle_counter.o
 .debug_macro   0x0000da7f      0x187 src/ASF/common/services/delay/sam/cycle_counter.o
 .debug_macro   0x0000dc06       0x10 src/ASF/common/services/delay/sam/cycle_counter.o
 .debug_macro   0x0000dc16       0x1c src/ASF/common/services/delay/sam/cycle_counter.o
 .debug_macro   0x0000dc32       0x52 src/ASF/common/services/delay/sam/cycle_counter.o
 .debug_macro   0x0000dc84       0x40 src/ASF/common/services/delay/sam/cycle_counter.o
 .debug_macro   0x0000dcc4       0x10 src/ASF/common/services/delay/sam/cycle_counter.o
 .debug_macro   0x0000dcd4       0x40 src/ASF/common/services/delay/sam/cycle_counter.o
 .debug_macro   0x0000dd14       0xd7 src/ASF/common/services/delay/sam/cycle_counter.o
 .debug_macro   0x0000ddeb       0x16 src/ASF/common/services/delay/sam/cycle_counter.o
 .debug_macro   0x0000de01      0x18b src/ASF/common/services/delay/sam/cycle_counter.o
 .debug_macro   0x0000df8c       0x22 src/ASF/common/services/delay/sam/cycle_counter.o
 .debug_macro   0x0000dfae       0x16 src/ASF/common/services/delay/sam/cycle_counter.o
 .debug_macro   0x0000dfc4       0x16 src/ASF/common/services/delay/sam/cycle_counter.o
 .debug_macro   0x0000dfda       0x29 src/ASF/common/services/delay/sam/cycle_counter.o
 .debug_macro   0x0000e003       0x75 src/ASF/common/services/delay/sam/cycle_counter.o
 .debug_macro   0x0000e078       0x3f src/ASF/common/services/delay/sam/cycle_counter.o
 .debug_macro   0x0000e0b7      0x3ca src/ASF/common/services/delay/sam/cycle_counter.o
 .debug_macro   0x0000e481       0x22 src/ASF/common/services/delay/sam/cycle_counter.o
 .debug_macro   0x0000e4a3      0x524 src/ASF/common/utils/stdio/read.o
 .debug_macro   0x0000e9c7      0x5ec src/ASF/sam/components/display/aat31xx/aat31xx.o
 .debug_macro   0x0000efb3      0x2b9 src/ASF/sam/components/display/aat31xx/aat31xx.o
 .debug_macro   0x0000f26c      0xa49 src/ASF/sam/components/display/aat31xx/aat31xx.o
 .debug_macro   0x0000fcb5       0x28 src/ASF/sam/components/display/aat31xx/aat31xx.o
 .debug_macro   0x0000fcdd       0x58 src/ASF/sam/components/display/aat31xx/aat31xx.o
 .debug_macro   0x0000fd35       0x64 src/ASF/sam/components/display/aat31xx/aat31xx.o
 .debug_macro   0x0000fd99       0x46 src/ASF/sam/components/display/aat31xx/aat31xx.o
 .debug_macro   0x0000fddf       0x90 src/ASF/sam/components/display/aat31xx/aat31xx.o
 .debug_macro   0x0000fe6f       0x82 src/ASF/sam/components/display/aat31xx/aat31xx.o
 .debug_macro   0x0000fef1       0x46 src/ASF/sam/components/display/aat31xx/aat31xx.o
 .debug_macro   0x0000ff37       0x16 src/ASF/sam/components/display/aat31xx/aat31xx.o
 .debug_macro   0x0000ff4d      0x551 src/ASF/sam/drivers/ebi/smc/smc.o
 .debug_macro   0x0001049e      0x2bf src/ASF/sam/drivers/ebi/smc/smc.o
 .debug_macro   0x0001075d      0x596 src/ASF/sam/components/display/ili93xx/ili93xx.o
 .debug_macro   0x00010cf3       0x52 src/ASF/sam/components/display/ili93xx/ili93xx.o
 .debug_macro   0x00010d45       0x8d src/ASF/sam/components/display/ili93xx/ili93xx.o
 .debug_macro   0x00010dd2       0x57 src/ASF/sam/components/display/ili93xx/ili93xx.o
 .debug_macro   0x00010e29       0x10 src/ASF/sam/components/display/ili93xx/ili93xx.o
 .debug_macro   0x00010e39       0x1c src/ASF/sam/components/display/ili93xx/ili93xx.o
 .debug_macro   0x00010e55       0x16 src/ASF/sam/components/display/ili93xx/ili93xx.o
 .debug_macro   0x00010e6b      0x14f src/ASF/sam/components/display/ili93xx/ili93xx.o
 .debug_macro   0x00010fba      0x287 src/ASF/sam/components/display/ili93xx/ili93xx.o
 .debug_macro   0x00011241      0x7ed src/ASF/sam/components/display/ili93xx/ili93xx.o
 .debug_macro   0x00011a2e      0x53d src/ASF/sam/drivers/adc/adc.o
 .debug_macro   0x00011f6b       0x1c src/ASF/sam/drivers/adc/adc.o
 .debug_macro   0x00011f87      0x53a src/ASF/sam/drivers/tc/tc.o
 .debug_macro   0x000124c1      0x569 src/ASF/sam/drivers/usart/usart.o
 .debug_macro   0x00012a2a       0x28 src/ASF/sam/drivers/usart/usart.o
 .debug_macro   0x00012a52      0x524 src/ASF/common/utils/stdio/write.o
 .debug_macro   0x00012f76      0x533 src/ASF/sam/drivers/uart/uart.o
 .debug_macro   0x000134a9       0x16 src/ASF/sam/drivers/uart/uart.o
 .debug_macro   0x000134bf      0x59e src/ASF/common/services/clock/sam4s/sysclk.o
 .debug_macro   0x00013a5d      0x5de src/ASF/sam/boards/sam4s_ek2/init.o
 .debug_macro   0x0001403b       0x94 src/ASF/sam/boards/sam4s_ek2/init.o
 .debug_macro   0x000140cf       0x40 src/ASF/sam/boards/sam4s_ek2/init.o
 .debug_macro   0x0001410f      0x539 src/ASF/sam/drivers/pio/pio.o
 .debug_macro   0x00014648       0x8e src/ASF/sam/drivers/pio/pio.o
 .debug_macro   0x000146d6      0x543 src/ASF/sam/drivers/pio/pio_handler.o
 .debug_macro   0x00014c19      0x539 src/ASF/sam/drivers/pmc/pmc.o
 .debug_macro   0x00015152       0x52 src/ASF/sam/drivers/pmc/pmc.o
 .debug_macro   0x000151a4      0x325 src/ASF/sam/utils/cmsis/sam4s/source/templates/gcc/startup_sam4s.o
 .debug_macro   0x000154c9      0x32d src/ASF/sam/utils/cmsis/sam4s/source/templates/system_sam4s.o
 .debug_macro   0x000157f6      0x1d6 src/ASF/sam/utils/syscalls/gcc/syscalls.o
 .debug_macro   0x000159cc       0x97 src/ASF/sam/utils/syscalls/gcc/syscalls.o
 .debug_macro   0x00015a63       0xf6 src/ASF/sam/utils/syscalls/gcc/syscalls.o
 .debug_macro   0x00015b59       0x4c src/ASF/sam/utils/syscalls/gcc/syscalls.o
 .debug_macro   0x00015ba5       0x16 src/ASF/sam/utils/syscalls/gcc/syscalls.o
 .debug_macro   0x00015bbb       0x10 src/ASF/sam/utils/syscalls/gcc/syscalls.o
 .debug_macro   0x00015bcb       0x10 src/ASF/sam/utils/syscalls/gcc/syscalls.o
 .debug_macro   0x00015bdb       0x35 src/ASF/sam/utils/syscalls/gcc/syscalls.o
 .debug_macro   0x00015c10      0x122 src/ASF/sam/utils/syscalls/gcc/syscalls.o
 .debug_macro   0x00015d32      0x751 src/main.o
 .debug_macro   0x00016483       0x28 src/main.o
 .debug_macro   0x000164ab       0x23 src/main.o
 .debug_macro   0x000164ce       0x88 src/main.o
 .debug_macro   0x00016556       0x10 src/main.o

.debug_line     0x00000000     0xec5b
 .debug_line    0x00000000      0xab6 src/ASF/common/services/delay/sam/cycle_counter.o
 .debug_line    0x00000ab6      0xab0 src/ASF/common/utils/stdio/read.o
 .debug_line    0x00001566      0xcb4 src/ASF/sam/components/display/aat31xx/aat31xx.o
 .debug_line    0x0000221a      0xb5a src/ASF/sam/drivers/ebi/smc/smc.o
 .debug_line    0x00002d74     0x12dc src/ASF/sam/components/display/ili93xx/ili93xx.o
 .debug_line    0x00004050      0xe76 src/ASF/sam/drivers/adc/adc.o
 .debug_line    0x00004ec6      0xc4e src/ASF/sam/drivers/tc/tc.o
 .debug_line    0x00005b14     0x102c src/ASF/sam/drivers/usart/usart.o
 .debug_line    0x00006b40      0xaa8 src/ASF/common/utils/stdio/write.o
 .debug_line    0x000075e8      0xc63 src/ASF/sam/drivers/uart/uart.o
 .debug_line    0x0000824b      0xbe6 src/ASF/common/services/clock/sam4s/sysclk.o
 .debug_line    0x00008e31      0xcbf src/ASF/sam/boards/sam4s_ek2/init.o
 .debug_line    0x00009af0      0xf5f src/ASF/sam/drivers/pio/pio.o
 .debug_line    0x0000aa4f      0xb7a src/ASF/sam/drivers/pio/pio_handler.o
 .debug_line    0x0000b5c9     0x103b src/ASF/sam/drivers/pmc/pmc.o
 .debug_line    0x0000c604      0x88b src/ASF/sam/utils/cmsis/sam4s/source/templates/gcc/startup_sam4s.o
 .debug_line    0x0000ce8f      0x8bd src/ASF/sam/utils/cmsis/sam4s/source/templates/system_sam4s.o
 .debug_line    0x0000d74c      0x40c src/ASF/sam/utils/syscalls/gcc/syscalls.o
 .debug_line    0x0000db58     0x1103 src/main.o

.debug_str      0x00000000    0x5ab0e
 .debug_str     0x00000000    0x4ab70 src/ASF/common/services/delay/sam/cycle_counter.o
                              0x4af47 (size before relaxing)
 .debug_str     0x0004ab70       0x3f src/ASF/common/utils/stdio/read.o
                              0x4adcc (size before relaxing)
 .debug_str     0x0004abaf     0x5229 src/ASF/sam/components/display/aat31xx/aat31xx.o
                              0x5001d (size before relaxing)
 .debug_str     0x0004fdd8      0x19a src/ASF/sam/drivers/ebi/smc/smc.o
                              0x4f05e (size before relaxing)
 .debug_str     0x0004ff72     0x65e3 src/ASF/sam/components/display/ili93xx/ili93xx.o
                              0x55544 (size before relaxing)
 .debug_str     0x00056555      0xa63 src/ASF/sam/drivers/adc/adc.o
                              0x4b8bc (size before relaxing)
 .debug_str     0x00056fb8      0x307 src/ASF/sam/drivers/tc/tc.o
                              0x4b132 (size before relaxing)
 .debug_str     0x000572bf      0x94a src/ASF/sam/drivers/usart/usart.o
                              0x4b7cc (size before relaxing)
 .debug_str     0x00057c09       0x2e src/ASF/common/utils/stdio/write.o
                              0x4adcd (size before relaxing)
 .debug_str     0x00057c37      0x32d src/ASF/sam/drivers/uart/uart.o
                              0x4b186 (size before relaxing)
 .debug_str     0x00057f64      0x382 src/ASF/common/services/clock/sam4s/sysclk.o
                              0x4fba5 (size before relaxing)
 .debug_str     0x000582e6      0x6f4 src/ASF/sam/boards/sam4s_ek2/init.o
                              0x50502 (size before relaxing)
 .debug_str     0x000589da      0x4f8 src/ASF/sam/drivers/pio/pio.o
                              0x4b9e7 (size before relaxing)
 .debug_str     0x00058ed2      0x402 src/ASF/sam/drivers/pio/pio_handler.o
                              0x4b913 (size before relaxing)
 .debug_str     0x000592d4      0x618 src/ASF/sam/drivers/pmc/pmc.o
                              0x4b836 (size before relaxing)
 .debug_str     0x000598ec      0x435 src/ASF/sam/utils/cmsis/sam4s/source/templates/gcc/startup_sam4s.o
                              0x3b8a8 (size before relaxing)
 .debug_str     0x00059d21       0xb9 src/ASF/sam/utils/cmsis/sam4s/source/templates/system_sam4s.o
                              0x3b63a (size before relaxing)
 .debug_str     0x00059dda      0x761 src/ASF/sam/utils/syscalls/gcc/syscalls.o
                               0x742a (size before relaxing)
 .debug_str     0x0005a53b      0x5d3 src/main.o
                              0x57827 (size before relaxing)

.debug_frame    0x00000000     0x2d34
 .debug_frame   0x00000000       0x20 src/ASF/common/services/delay/sam/cycle_counter.o
 .debug_frame   0x00000020       0x30 src/ASF/common/utils/stdio/read.o
 .debug_frame   0x00000050       0x50 src/ASF/sam/components/display/aat31xx/aat31xx.o
 .debug_frame   0x000000a0       0x80 src/ASF/sam/drivers/ebi/smc/smc.o
 .debug_frame   0x00000120      0x4d0 src/ASF/sam/components/display/ili93xx/ili93xx.o
 .debug_frame   0x000005f0      0x340 src/ASF/sam/drivers/adc/adc.o
 .debug_frame   0x00000930      0x1a8 src/ASF/sam/drivers/tc/tc.o
 .debug_frame   0x00000ad8      0x48c src/ASF/sam/drivers/usart/usart.o
 .debug_frame   0x00000f64       0x48 src/ASF/common/utils/stdio/write.o
 .debug_frame   0x00000fac      0x1bc src/ASF/sam/drivers/uart/uart.o